<?xml version="1.0"?>
<link_info>
   <banner>TMS320C2000 Linker PC v6.2.7</banner>
   <copyright>Copyright (c) 1996-2014 Texas Instruments Incorporated</copyright>
   <link_time>0x548a940a</link_time>
   <link_errors>0x0</link_errors>
   <output_file>flyProgram.out</output_file>
   <entry_point>
      <name>code_start</name>
      <address>0x3f7ff6</address>
   </entry_point>
   <input_file_list>
      <input_file id="fl-4">
         <path>.\calculate\</path>
         <kind>object</kind>
         <file>AHRS.obj</file>
         <name>AHRS.obj</name>
      </input_file>
      <input_file id="fl-5">
         <path>.\calculate\</path>
         <kind>object</kind>
         <file>car_control.obj</file>
         <name>car_control.obj</name>
      </input_file>
      <input_file id="fl-6">
         <path>.\calculate\</path>
         <kind>object</kind>
         <file>gjc_decoders.obj</file>
         <name>gjc_decoders.obj</name>
      </input_file>
      <input_file id="fl-7">
         <path>.\calculate\</path>
         <kind>object</kind>
         <file>gjc_eQEP.obj</file>
         <name>gjc_eQEP.obj</name>
      </input_file>
      <input_file id="fl-8">
         <path>.\calculate\</path>
         <kind>object</kind>
         <file>gjc_engineDrive.obj</file>
         <name>gjc_engineDrive.obj</name>
      </input_file>
      <input_file id="fl-9">
         <path>.\calculate\</path>
         <kind>object</kind>
         <file>main.obj</file>
         <name>main.obj</name>
      </input_file>
      <input_file id="fl-a">
         <path>.\calculate\</path>
         <kind>object</kind>
         <file>mhc_GlobalVariables.obj</file>
         <name>mhc_GlobalVariables.obj</name>
      </input_file>
      <input_file id="fl-b">
         <path>.\calculate\</path>
         <kind>object</kind>
         <file>mhc_I2C.obj</file>
         <name>mhc_I2C.obj</name>
      </input_file>
      <input_file id="fl-c">
         <path>.\calculate\</path>
         <kind>object</kind>
         <file>mhc_SCIA.obj</file>
         <name>mhc_SCIA.obj</name>
      </input_file>
      <input_file id="fl-d">
         <path>.\calculate\</path>
         <kind>object</kind>
         <file>mhc_SCIB_BT.obj</file>
         <name>mhc_SCIB_BT.obj</name>
      </input_file>
      <input_file id="fl-e">
         <path>.\calculate\</path>
         <kind>object</kind>
         <file>mhc_control.obj</file>
         <name>mhc_control.obj</name>
      </input_file>
      <input_file id="fl-f">
         <path>.\calculate\</path>
         <kind>object</kind>
         <file>mhc_cpuTimer.obj</file>
         <name>mhc_cpuTimer.obj</name>
      </input_file>
      <input_file id="fl-10">
         <path>.\calculate\</path>
         <kind>object</kind>
         <file>mhc_doData.obj</file>
         <name>mhc_doData.obj</name>
      </input_file>
      <input_file id="fl-11">
         <path>.\calculate\</path>
         <kind>object</kind>
         <file>mhc_eCap.obj</file>
         <name>mhc_eCap.obj</name>
      </input_file>
      <input_file id="fl-12">
         <path>.\calculate\</path>
         <kind>object</kind>
         <file>mhc_ePWM.obj</file>
         <name>mhc_ePWM.obj</name>
      </input_file>
      <input_file id="fl-13">
         <path>.\calculate\</path>
         <kind>object</kind>
         <file>mhc_initDSP.obj</file>
         <name>mhc_initDSP.obj</name>
      </input_file>
      <input_file id="fl-14">
         <path>.\calculate\</path>
         <kind>object</kind>
         <file>num2string.obj</file>
         <name>num2string.obj</name>
      </input_file>
      <input_file id="fl-15">
         <path>.\calculate\</path>
         <kind>object</kind>
         <file>utilities.obj</file>
         <name>utilities.obj</name>
      </input_file>
      <input_file id="fl-16">
         <path>.\TiLibrary\</path>
         <kind>object</kind>
         <file>F2806x_CodeStartBranch.obj</file>
         <name>F2806x_CodeStartBranch.obj</name>
      </input_file>
      <input_file id="fl-17">
         <path>.\TiLibrary\</path>
         <kind>object</kind>
         <file>F2806x_CpuTimers.obj</file>
         <name>F2806x_CpuTimers.obj</name>
      </input_file>
      <input_file id="fl-18">
         <path>.\TiLibrary\</path>
         <kind>object</kind>
         <file>F2806x_DefaultIsr.obj</file>
         <name>F2806x_DefaultIsr.obj</name>
      </input_file>
      <input_file id="fl-19">
         <path>.\TiLibrary\</path>
         <kind>object</kind>
         <file>F2806x_ECap.obj</file>
         <name>F2806x_ECap.obj</name>
      </input_file>
      <input_file id="fl-1a">
         <path>.\TiLibrary\</path>
         <kind>object</kind>
         <file>F2806x_EPwm.obj</file>
         <name>F2806x_EPwm.obj</name>
      </input_file>
      <input_file id="fl-1b">
         <path>.\TiLibrary\</path>
         <kind>object</kind>
         <file>F2806x_EQep.obj</file>
         <name>F2806x_EQep.obj</name>
      </input_file>
      <input_file id="fl-1c">
         <path>.\TiLibrary\</path>
         <kind>object</kind>
         <file>F2806x_GlobalVariableDefs.obj</file>
         <name>F2806x_GlobalVariableDefs.obj</name>
      </input_file>
      <input_file id="fl-1d">
         <path>.\TiLibrary\</path>
         <kind>object</kind>
         <file>F2806x_Gpio.obj</file>
         <name>F2806x_Gpio.obj</name>
      </input_file>
      <input_file id="fl-1e">
         <path>.\TiLibrary\</path>
         <kind>object</kind>
         <file>F2806x_HRCap.obj</file>
         <name>F2806x_HRCap.obj</name>
      </input_file>
      <input_file id="fl-1f">
         <path>.\TiLibrary\</path>
         <kind>object</kind>
         <file>F2806x_I2C.obj</file>
         <name>F2806x_I2C.obj</name>
      </input_file>
      <input_file id="fl-20">
         <path>.\TiLibrary\</path>
         <kind>object</kind>
         <file>F2806x_PieCtrl.obj</file>
         <name>F2806x_PieCtrl.obj</name>
      </input_file>
      <input_file id="fl-21">
         <path>.\TiLibrary\</path>
         <kind>object</kind>
         <file>F2806x_PieVect.obj</file>
         <name>F2806x_PieVect.obj</name>
      </input_file>
      <input_file id="fl-22">
         <path>.\TiLibrary\</path>
         <kind>object</kind>
         <file>F2806x_Sci.obj</file>
         <name>F2806x_Sci.obj</name>
      </input_file>
      <input_file id="fl-23">
         <path>.\TiLibrary\</path>
         <kind>object</kind>
         <file>F2806x_SysCtrl.obj</file>
         <name>F2806x_SysCtrl.obj</name>
      </input_file>
      <input_file id="fl-24">
         <path>.\TiLibrary\</path>
         <kind>object</kind>
         <file>F2806x_usDelay.obj</file>
         <name>F2806x_usDelay.obj</name>
      </input_file>
      <input_file id="fl-29">
         <path>D:\ti\controlSUITE\libs\math\FPUfastRTS\V100\lib\</path>
         <kind>archive</kind>
         <file>rts2800_fpu32_fast_supplement.lib</file>
         <name>div_f32.obj</name>
      </input_file>
      <input_file id="fl-2a">
         <path>D:\ti\ccsv6\tools\compiler\c2000_6.2.7\lib\</path>
         <kind>archive</kind>
         <file>rts2800_fpu32.lib</file>
         <name>i_div.obj</name>
      </input_file>
      <input_file id="fl-2b">
         <path>D:\ti\ccsv6\tools\compiler\c2000_6.2.7\lib\</path>
         <kind>archive</kind>
         <file>rts2800_fpu32.lib</file>
         <name>l_div.obj</name>
      </input_file>
      <input_file id="fl-2c">
         <path>D:\ti\ccsv6\tools\compiler\c2000_6.2.7\lib\</path>
         <kind>archive</kind>
         <file>rts2800_fpu32.lib</file>
         <name>ll_div.obj</name>
      </input_file>
      <input_file id="fl-2d">
         <path>D:\ti\ccsv6\tools\compiler\c2000_6.2.7\lib\</path>
         <kind>archive</kind>
         <file>rts2800_fpu32.lib</file>
         <name>acos.obj</name>
      </input_file>
      <input_file id="fl-2e">
         <path>D:\ti\ccsv6\tools\compiler\c2000_6.2.7\lib\</path>
         <kind>archive</kind>
         <file>rts2800_fpu32.lib</file>
         <name>boot.obj</name>
      </input_file>
      <input_file id="fl-2f">
         <path>D:\ti\ccsv6\tools\compiler\c2000_6.2.7\lib\</path>
         <kind>archive</kind>
         <file>rts2800_fpu32.lib</file>
         <name>args_main.obj</name>
      </input_file>
      <input_file id="fl-30">
         <path>D:\ti\controlSUITE\libs\math\FPUfastRTS\V100\lib\</path>
         <kind>archive</kind>
         <file>rts2800_fpu32_fast_supplement.lib</file>
         <name>cos_f32.obj</name>
      </input_file>
      <input_file id="fl-31">
         <path>D:\ti\controlSUITE\libs\math\FPUfastRTS\V100\lib\</path>
         <kind>archive</kind>
         <file>rts2800_fpu32_fast_supplement.lib</file>
         <name>FPUmathTables.obj</name>
      </input_file>
      <input_file id="fl-32">
         <path>D:\ti\ccsv6\tools\compiler\c2000_6.2.7\lib\</path>
         <kind>archive</kind>
         <file>rts2800_fpu32.lib</file>
         <name>errno.obj</name>
      </input_file>
      <input_file id="fl-33">
         <path>D:\ti\ccsv6\tools\compiler\c2000_6.2.7\lib\</path>
         <kind>archive</kind>
         <file>rts2800_fpu32.lib</file>
         <name>exit.obj</name>
      </input_file>
      <input_file id="fl-34">
         <path>D:\ti\ccsv6\tools\compiler\c2000_6.2.7\lib\</path>
         <kind>archive</kind>
         <file>rts2800_fpu32.lib</file>
         <name>_lock.obj</name>
      </input_file>
      <input_file id="fl-35">
         <path>D:\ti\controlSUITE\libs\math\FPUfastRTS\V100\lib\</path>
         <kind>archive</kind>
         <file>rts2800_fpu32_fast_supplement.lib</file>
         <name>sin_f32.obj</name>
      </input_file>
      <input_file id="fl-36">
         <path>D:\ti\controlSUITE\libs\math\FPUfastRTS\V100\lib\</path>
         <kind>archive</kind>
         <file>rts2800_fpu32_fast_supplement.lib</file>
         <name>sqrt_f32.obj</name>
      </input_file>
      <input_file id="fl-37">
         <path>D:\ti\ccsv6\tools\compiler\c2000_6.2.7\lib\</path>
         <kind>archive</kind>
         <file>rts2800_fpu32.lib</file>
         <name>strcat.obj</name>
      </input_file>
   </input_file_list>
   <object_component_list>
      <object_component id="oc-6c">
         <name>.cinit</name>
         <load_address>0x3f6475</load_address>
         <run_address>0x3f6475</run_address>
         <size>0x29a</size>
         <input_file_ref idref="fl-a"/>
      </object_component>
      <object_component id="oc-148">
         <name>.cinit</name>
         <load_address>0x3f670f</load_address>
         <run_address>0x3f670f</run_address>
         <size>0xa</size>
         <input_file_ref idref="fl-34"/>
      </object_component>
      <object_component id="oc-142">
         <name>.cinit</name>
         <load_address>0x3f6719</load_address>
         <run_address>0x3f6719</run_address>
         <size>0xa</size>
         <input_file_ref idref="fl-33"/>
      </object_component>
      <object_component id="oc-75">
         <name>.cinit</name>
         <load_address>0x3f6723</load_address>
         <run_address>0x3f6723</run_address>
         <size>0x5</size>
         <input_file_ref idref="fl-c"/>
      </object_component>
      <object_component id="oc-13e">
         <name>.cinit</name>
         <load_address>0x3f6728</load_address>
         <run_address>0x3f6728</run_address>
         <size>0x4</size>
         <input_file_ref idref="fl-32"/>
      </object_component>
      <object_component id="oc-15c">
         <name>.text</name>
         <load_address>0x3f4000</load_address>
         <run_address>0x3f4000</run_address>
         <size>0x91f</size>
         <input_file_ref idref="fl-8"/>
      </object_component>
      <object_component id="oc-173">
         <name>.text</name>
         <load_address>0x3f491f</load_address>
         <run_address>0x3f491f</run_address>
         <size>0x3e1</size>
         <input_file_ref idref="fl-14"/>
      </object_component>
      <object_component id="oc-ae">
         <name>.text:retain</name>
         <load_address>0x3f4d00</load_address>
         <run_address>0x3f4d00</run_address>
         <size>0x39f</size>
         <input_file_ref idref="fl-18"/>
      </object_component>
      <object_component id="oc-165">
         <name>.text</name>
         <load_address>0x3f509f</load_address>
         <run_address>0x3f509f</run_address>
         <size>0x2f0</size>
         <input_file_ref idref="fl-13"/>
      </object_component>
      <object_component id="oc-168">
         <name>.text</name>
         <load_address>0x3f538f</load_address>
         <run_address>0x3f538f</run_address>
         <size>0x183</size>
         <input_file_ref idref="fl-23"/>
      </object_component>
      <object_component id="oc-160">
         <name>.text</name>
         <load_address>0x3f5512</load_address>
         <run_address>0x3f5512</run_address>
         <size>0x182</size>
         <input_file_ref idref="fl-12"/>
      </object_component>
      <object_component id="oc-161">
         <name>.text</name>
         <load_address>0x3f5694</load_address>
         <run_address>0x3f5694</run_address>
         <size>0x167</size>
         <input_file_ref idref="fl-15"/>
      </object_component>
      <object_component id="oc-126">
         <name>.text</name>
         <load_address>0x3f57fb</load_address>
         <run_address>0x3f57fb</run_address>
         <size>0x107</size>
         <input_file_ref idref="fl-2c"/>
      </object_component>
      <object_component id="oc-162">
         <name>.text</name>
         <load_address>0x3f5902</load_address>
         <run_address>0x3f5902</run_address>
         <size>0xe9</size>
         <input_file_ref idref="fl-5"/>
      </object_component>
      <object_component id="oc-15a">
         <name>.text</name>
         <load_address>0x3f59eb</load_address>
         <run_address>0x3f59eb</run_address>
         <size>0xe1</size>
         <input_file_ref idref="fl-6"/>
      </object_component>
      <object_component id="oc-16b">
         <name>.text</name>
         <load_address>0x3f5acc</load_address>
         <run_address>0x3f5acc</run_address>
         <size>0xd8</size>
         <input_file_ref idref="fl-1a"/>
      </object_component>
      <object_component id="oc-87">
         <name>.text:retain</name>
         <load_address>0x3f5ba4</load_address>
         <run_address>0x3f5ba4</run_address>
         <size>0xd0</size>
         <input_file_ref idref="fl-f"/>
      </object_component>
      <object_component id="oc-159">
         <name>.text</name>
         <load_address>0x3f5c74</load_address>
         <run_address>0x3f5c74</run_address>
         <size>0xb0</size>
         <input_file_ref idref="fl-b"/>
      </object_component>
      <object_component id="oc-70">
         <name>.text:retain</name>
         <load_address>0x3f5d24</load_address>
         <run_address>0x3f5d24</run_address>
         <size>0xae</size>
         <input_file_ref idref="fl-b"/>
      </object_component>
      <object_component id="oc-170">
         <name>.text</name>
         <load_address>0x3f5dd2</load_address>
         <run_address>0x3f5dd2</run_address>
         <size>0xa4</size>
         <input_file_ref idref="fl-c"/>
      </object_component>
      <object_component id="oc-90">
         <name>.text:retain</name>
         <load_address>0x3f5e76</load_address>
         <run_address>0x3f5e76</run_address>
         <size>0x9a</size>
         <input_file_ref idref="fl-11"/>
      </object_component>
      <object_component id="oc-77">
         <name>.text:retain</name>
         <load_address>0x3f5f10</load_address>
         <run_address>0x3f5f10</run_address>
         <size>0x96</size>
         <input_file_ref idref="fl-c"/>
      </object_component>
      <object_component id="oc-171">
         <name>.text</name>
         <load_address>0x3f5fa6</load_address>
         <run_address>0x3f5fa6</run_address>
         <size>0x94</size>
         <input_file_ref idref="fl-d"/>
      </object_component>
      <object_component id="oc-15b">
         <name>.text</name>
         <load_address>0x3f603a</load_address>
         <run_address>0x3f603a</run_address>
         <size>0x87</size>
         <input_file_ref idref="fl-7"/>
      </object_component>
      <object_component id="oc-16f">
         <name>.text</name>
         <load_address>0x3f60c1</load_address>
         <run_address>0x3f60c1</run_address>
         <size>0x77</size>
         <input_file_ref idref="fl-17"/>
      </object_component>
      <object_component id="oc-164">
         <name>.text</name>
         <load_address>0x3f6138</load_address>
         <run_address>0x3f6138</run_address>
         <size>0x71</size>
         <input_file_ref idref="fl-2d"/>
      </object_component>
      <object_component id="oc-16c">
         <name>.text</name>
         <load_address>0x3f61a9</load_address>
         <run_address>0x3f61a9</run_address>
         <size>0x56</size>
         <input_file_ref idref="fl-1b"/>
      </object_component>
      <object_component id="oc-7d">
         <name>.text:retain</name>
         <load_address>0x3f61ff</load_address>
         <run_address>0x3f61ff</run_address>
         <size>0x53</size>
         <input_file_ref idref="fl-d"/>
      </object_component>
      <object_component id="oc-12e">
         <name>.text</name>
         <load_address>0x3f6252</load_address>
         <run_address>0x3f6252</run_address>
         <size>0x46</size>
         <input_file_ref idref="fl-2e"/>
      </object_component>
      <object_component id="oc-138">
         <name>.text</name>
         <load_address>0x3f6298</load_address>
         <run_address>0x3f6298</run_address>
         <size>0x34</size>
         <input_file_ref idref="fl-30"/>
      </object_component>
      <object_component id="oc-14d">
         <name>.text</name>
         <load_address>0x3f62cc</load_address>
         <run_address>0x3f62cc</run_address>
         <size>0x34</size>
         <input_file_ref idref="fl-35"/>
      </object_component>
      <object_component id="oc-16a">
         <name>.text</name>
         <load_address>0x3f6300</load_address>
         <run_address>0x3f6300</run_address>
         <size>0x2c</size>
         <input_file_ref idref="fl-22"/>
      </object_component>
      <object_component id="oc-122">
         <name>.text</name>
         <load_address>0x3f632c</load_address>
         <run_address>0x3f632c</run_address>
         <size>0x2a</size>
         <input_file_ref idref="fl-2b"/>
      </object_component>
      <object_component id="oc-16d">
         <name>.text</name>
         <load_address>0x3f6356</load_address>
         <run_address>0x3f6356</run_address>
         <size>0x28</size>
         <input_file_ref idref="fl-20"/>
      </object_component>
      <object_component id="oc-16e">
         <name>.text</name>
         <load_address>0x3f637e</load_address>
         <run_address>0x3f637e</run_address>
         <size>0x25</size>
         <input_file_ref idref="fl-21"/>
      </object_component>
      <object_component id="oc-11e">
         <name>.text</name>
         <load_address>0x3f63a3</load_address>
         <run_address>0x3f63a3</run_address>
         <size>0x22</size>
         <input_file_ref idref="fl-2a"/>
      </object_component>
      <object_component id="oc-151">
         <name>.text</name>
         <load_address>0x3f63c5</load_address>
         <run_address>0x3f63c5</run_address>
         <size>0x21</size>
         <input_file_ref idref="fl-36"/>
      </object_component>
      <object_component id="oc-15d">
         <name>.text</name>
         <load_address>0x3f63e6</load_address>
         <run_address>0x3f63e6</run_address>
         <size>0x19</size>
         <input_file_ref idref="fl-2f"/>
      </object_component>
      <object_component id="oc-15e">
         <name>.text</name>
         <load_address>0x3f63ff</load_address>
         <run_address>0x3f63ff</run_address>
         <size>0x19</size>
         <input_file_ref idref="fl-33"/>
      </object_component>
      <object_component id="oc-11a">
         <name>.text</name>
         <load_address>0x3f6418</load_address>
         <run_address>0x3f6418</run_address>
         <size>0x19</size>
         <input_file_ref idref="fl-29"/>
      </object_component>
      <object_component id="oc-169">
         <name>.text</name>
         <load_address>0x3f6431</load_address>
         <run_address>0x3f6431</run_address>
         <size>0x17</size>
         <input_file_ref idref="fl-1f"/>
      </object_component>
      <object_component id="oc-163">
         <name>.text</name>
         <load_address>0x3f6448</load_address>
         <run_address>0x3f6448</run_address>
         <size>0xf</size>
         <input_file_ref idref="fl-9"/>
      </object_component>
      <object_component id="oc-15f">
         <name>.text</name>
         <load_address>0x3f6457</load_address>
         <run_address>0x3f6457</run_address>
         <size>0x9</size>
         <input_file_ref idref="fl-34"/>
      </object_component>
      <object_component id="oc-172">
         <name>.text</name>
         <load_address>0x3f6460</load_address>
         <run_address>0x3f6460</run_address>
         <size>0x9</size>
         <input_file_ref idref="fl-37"/>
      </object_component>
      <object_component id="oc-a4">
         <name>.text</name>
         <load_address>0x3f6469</load_address>
         <run_address>0x3f6469</run_address>
         <size>0x8</size>
         <input_file_ref idref="fl-16"/>
      </object_component>
      <object_component id="oc-116">
         <name>.text</name>
         <load_address>0x3f6471</load_address>
         <run_address>0x3f6471</run_address>
         <size>0x4</size>
         <input_file_ref idref="fl-24"/>
      </object_component>
      <object_component id="oc-52">
         <name>codestart</name>
         <load_address>0x3f7ff6</load_address>
         <run_address>0x3f7ff6</run_address>
         <size>0x2</size>
         <input_file_ref idref="fl-16"/>
      </object_component>
      <object_component id="oc-12f">
         <name>.stack</name>
         <uninitialized>true</uninitialized>
         <run_address>0x50</run_address>
         <size>0x0</size>
         <input_file_ref idref="fl-2e"/>
      </object_component>
      <object_component id="oc-1cb">
         <name>.stack</name>
         <uninitialized>true</uninitialized>
         <run_address>0x50</run_address>
         <size>0x0</size>
      </object_component>
      <object_component id="oc-6d">
         <name>.ebss</name>
         <uninitialized>true</uninitialized>
         <run_address>0x8c00</run_address>
         <size>0x3c0</size>
         <input_file_ref idref="fl-a"/>
      </object_component>
      <object_component id="oc-76">
         <name>.ebss</name>
         <uninitialized>true</uninitialized>
         <run_address>0x8fe0</run_address>
         <size>0x2</size>
         <input_file_ref idref="fl-c"/>
      </object_component>
      <object_component id="oc-a9">
         <name>.ebss</name>
         <uninitialized>true</uninitialized>
         <run_address>0x8fc0</run_address>
         <size>0x18</size>
         <input_file_ref idref="fl-17"/>
      </object_component>
      <object_component id="oc-13f">
         <name>.ebss</name>
         <uninitialized>true</uninitialized>
         <run_address>0x8fe2</run_address>
         <size>0x1</size>
         <input_file_ref idref="fl-32"/>
      </object_component>
      <object_component id="oc-143">
         <name>.ebss</name>
         <uninitialized>true</uninitialized>
         <run_address>0x8fdc</run_address>
         <size>0x4</size>
         <input_file_ref idref="fl-33"/>
      </object_component>
      <object_component id="oc-149">
         <name>.ebss</name>
         <uninitialized>true</uninitialized>
         <run_address>0x8fd8</run_address>
         <size>0x4</size>
         <input_file_ref idref="fl-34"/>
      </object_component>
      <object_component id="oc-10a">
         <name>.econst</name>
         <load_address>0x3f672e</load_address>
         <run_address>0x3f672e</run_address>
         <size>0x100</size>
         <input_file_ref idref="fl-21"/>
      </object_component>
      <object_component id="oc-7e">
         <name>.econst:.string</name>
         <load_address>0x3f682e</load_address>
         <run_address>0x3f682e</run_address>
         <size>0x1b</size>
         <input_file_ref idref="fl-d"/>
      </object_component>
      <object_component id="oc-78">
         <name>.econst:.string</name>
         <load_address>0x3f684a</load_address>
         <run_address>0x3f684a</run_address>
         <size>0x19</size>
         <input_file_ref idref="fl-c"/>
      </object_component>
      <object_component id="oc-166">
         <name>.econst:_b$1</name>
         <load_address>0x3f6864</load_address>
         <run_address>0x3f6864</run_address>
         <size>0x4</size>
         <input_file_ref idref="fl-2d"/>
      </object_component>
      <object_component id="oc-167">
         <name>.econst:_c$2</name>
         <load_address>0x3f6868</load_address>
         <run_address>0x3f6868</run_address>
         <size>0x4</size>
         <input_file_ref idref="fl-2d"/>
      </object_component>
      <object_component id="oc-13c">
         <name>FPUmathTables</name>
         <load_address>0x3fd860</load_address>
         <run_address>0x3fd860</run_address>
         <size>0x6a0</size>
         <input_file_ref idref="fl-31"/>
      </object_component>
      <object_component id="oc-130">
         <name>.reset</name>
         <load_address>0x3fffc0</load_address>
         <run_address>0x3fffc0</run_address>
         <size>0x2</size>
         <input_file_ref idref="fl-2e"/>
      </object_component>
      <object_component id="oc-f5">
         <name>PieVectTableFile</name>
         <uninitialized>true</uninitialized>
         <run_address>0xd00</run_address>
         <size>0x100</size>
         <input_file_ref idref="fl-1c"/>
      </object_component>
      <object_component id="oc-c0">
         <name>EmuKeyVar</name>
         <uninitialized>true</uninitialized>
         <run_address>0xd00</run_address>
         <size>0x1</size>
         <input_file_ref idref="fl-1c"/>
      </object_component>
      <object_component id="oc-c1">
         <name>EmuBModeVar</name>
         <uninitialized>true</uninitialized>
         <run_address>0xd01</run_address>
         <size>0x1</size>
         <input_file_ref idref="fl-1c"/>
      </object_component>
      <object_component id="oc-c2">
         <name>FlashCallbackVar</name>
         <uninitialized>true</uninitialized>
         <run_address>0xd02</run_address>
         <size>0x2</size>
         <input_file_ref idref="fl-1c"/>
      </object_component>
      <object_component id="oc-c3">
         <name>FlashScalingVar</name>
         <uninitialized>true</uninitialized>
         <run_address>0xd04</run_address>
         <size>0x2</size>
         <input_file_ref idref="fl-1c"/>
      </object_component>
      <object_component id="oc-c5">
         <name>DevEmuRegsFile</name>
         <uninitialized>true</uninitialized>
         <run_address>0x880</run_address>
         <size>0x4</size>
         <input_file_ref idref="fl-1c"/>
      </object_component>
      <object_component id="oc-c4">
         <name>SysPwrCtrlRegsFile</name>
         <uninitialized>true</uninitialized>
         <run_address>0x985</run_address>
         <size>0x3</size>
         <input_file_ref idref="fl-1c"/>
      </object_component>
      <object_component id="oc-c6">
         <name>FlashRegsFile</name>
         <uninitialized>true</uninitialized>
         <run_address>0xa80</run_address>
         <size>0x8</size>
         <input_file_ref idref="fl-1c"/>
      </object_component>
      <object_component id="oc-d0">
         <name>CsmRegsFile</name>
         <uninitialized>true</uninitialized>
         <run_address>0xae0</run_address>
         <size>0x10</size>
         <input_file_ref idref="fl-1c"/>
      </object_component>
      <object_component id="oc-cd">
         <name>AdcResultFile</name>
         <uninitialized>true</uninitialized>
         <run_address>0xb00</run_address>
         <size>0x10</size>
         <input_file_ref idref="fl-1c"/>
      </object_component>
      <object_component id="oc-c7">
         <name>CpuTimer0RegsFile</name>
         <uninitialized>true</uninitialized>
         <run_address>0xc00</run_address>
         <size>0x8</size>
         <input_file_ref idref="fl-1c"/>
      </object_component>
      <object_component id="oc-ca">
         <name>CpuTimer1RegsFile</name>
         <uninitialized>true</uninitialized>
         <run_address>0xc08</run_address>
         <size>0x8</size>
         <input_file_ref idref="fl-1c"/>
      </object_component>
      <object_component id="oc-c8">
         <name>CpuTimer2RegsFile</name>
         <uninitialized>true</uninitialized>
         <run_address>0xc10</run_address>
         <size>0x8</size>
         <input_file_ref idref="fl-1c"/>
      </object_component>
      <object_component id="oc-d6">
         <name>PieCtrlRegsFile</name>
         <uninitialized>true</uninitialized>
         <run_address>0xce0</run_address>
         <size>0x1a</size>
         <input_file_ref idref="fl-1c"/>
      </object_component>
      <object_component id="oc-eb">
         <name>Cla1RegsFile</name>
         <uninitialized>true</uninitialized>
         <run_address>0x1400</run_address>
         <size>0x40</size>
         <input_file_ref idref="fl-1c"/>
      </object_component>
      <object_component id="oc-f4">
         <name>DmaRegsFile</name>
         <uninitialized>true</uninitialized>
         <run_address>0x1000</run_address>
         <size>0xe0</size>
         <input_file_ref idref="fl-1c"/>
      </object_component>
      <object_component id="oc-e5">
         <name>ECanaRegsFile</name>
         <uninitialized>true</uninitialized>
         <run_address>0x6000</run_address>
         <size>0x34</size>
         <input_file_ref idref="fl-1c"/>
      </object_component>
      <object_component id="oc-e9">
         <name>ECanaLAMRegsFile</name>
         <uninitialized>true</uninitialized>
         <run_address>0x6040</run_address>
         <size>0x40</size>
         <input_file_ref idref="fl-1c"/>
      </object_component>
      <object_component id="oc-f6">
         <name>ECanaMboxesFile</name>
         <uninitialized>true</uninitialized>
         <run_address>0x6100</run_address>
         <size>0x100</size>
         <input_file_ref idref="fl-1c"/>
      </object_component>
      <object_component id="oc-ea">
         <name>ECanaMOTSRegsFile</name>
         <uninitialized>true</uninitialized>
         <run_address>0x6080</run_address>
         <size>0x40</size>
         <input_file_ref idref="fl-1c"/>
      </object_component>
      <object_component id="oc-e6">
         <name>ECanaMOTORegsFile</name>
         <uninitialized>true</uninitialized>
         <run_address>0x60c0</run_address>
         <size>0x40</size>
         <input_file_ref idref="fl-1c"/>
      </object_component>
      <object_component id="oc-de">
         <name>ECap1RegsFile</name>
         <uninitialized>true</uninitialized>
         <run_address>0x6a00</run_address>
         <size>0x20</size>
         <input_file_ref idref="fl-1c"/>
      </object_component>
      <object_component id="oc-dd">
         <name>ECap2RegsFile</name>
         <uninitialized>true</uninitialized>
         <run_address>0x6a20</run_address>
         <size>0x20</size>
         <input_file_ref idref="fl-1c"/>
      </object_component>
      <object_component id="oc-df">
         <name>ECap3RegsFile</name>
         <uninitialized>true</uninitialized>
         <run_address>0x6a40</run_address>
         <size>0x20</size>
         <input_file_ref idref="fl-1c"/>
      </object_component>
      <object_component id="oc-e2">
         <name>EQep1RegsFile</name>
         <uninitialized>true</uninitialized>
         <run_address>0x6b00</run_address>
         <size>0x22</size>
         <input_file_ref idref="fl-1c"/>
      </object_component>
      <object_component id="oc-e0">
         <name>EQep2RegsFile</name>
         <uninitialized>true</uninitialized>
         <run_address>0x6b40</run_address>
         <size>0x22</size>
         <input_file_ref idref="fl-1c"/>
      </object_component>
      <object_component id="oc-ee">
         <name>GpioCtrlRegsFile</name>
         <uninitialized>true</uninitialized>
         <run_address>0x6f80</run_address>
         <size>0x40</size>
         <input_file_ref idref="fl-1c"/>
      </object_component>
      <object_component id="oc-d8">
         <name>GpioDataRegsFile</name>
         <uninitialized>true</uninitialized>
         <run_address>0x6fc0</run_address>
         <size>0x20</size>
         <input_file_ref idref="fl-1c"/>
      </object_component>
      <object_component id="oc-d7">
         <name>GpioIntRegsFile</name>
         <uninitialized>true</uninitialized>
         <run_address>0x6fe0</run_address>
         <size>0x20</size>
         <input_file_ref idref="fl-1c"/>
      </object_component>
      <object_component id="oc-db">
         <name>HRCap1RegsFile</name>
         <uninitialized>true</uninitialized>
         <run_address>0x6ac0</run_address>
         <size>0x20</size>
         <input_file_ref idref="fl-1c"/>
      </object_component>
      <object_component id="oc-dc">
         <name>HRCap2RegsFile</name>
         <uninitialized>true</uninitialized>
         <run_address>0x6ae0</run_address>
         <size>0x20</size>
         <input_file_ref idref="fl-1c"/>
      </object_component>
      <object_component id="oc-d9">
         <name>HRCap3RegsFile</name>
         <uninitialized>true</uninitialized>
         <run_address>0x6c80</run_address>
         <size>0x20</size>
         <input_file_ref idref="fl-1c"/>
      </object_component>
      <object_component id="oc-da">
         <name>HRCap4RegsFile</name>
         <uninitialized>true</uninitialized>
         <run_address>0x6ca0</run_address>
         <size>0x20</size>
         <input_file_ref idref="fl-1c"/>
      </object_component>
      <object_component id="oc-e4">
         <name>SysCtrlRegsFile</name>
         <uninitialized>true</uninitialized>
         <run_address>0x7010</run_address>
         <size>0x30</size>
         <input_file_ref idref="fl-1c"/>
      </object_component>
      <object_component id="oc-cc">
         <name>SpiaRegsFile</name>
         <uninitialized>true</uninitialized>
         <run_address>0x7040</run_address>
         <size>0x10</size>
         <input_file_ref idref="fl-1c"/>
      </object_component>
      <object_component id="oc-d1">
         <name>SpibRegsFile</name>
         <uninitialized>true</uninitialized>
         <run_address>0x7740</run_address>
         <size>0x10</size>
         <input_file_ref idref="fl-1c"/>
      </object_component>
      <object_component id="oc-ce">
         <name>SciaRegsFile</name>
         <uninitialized>true</uninitialized>
         <run_address>0x7050</run_address>
         <size>0x10</size>
         <input_file_ref idref="fl-1c"/>
      </object_component>
      <object_component id="oc-cb">
         <name>ScibRegsFile</name>
         <uninitialized>true</uninitialized>
         <run_address>0x7750</run_address>
         <size>0x10</size>
         <input_file_ref idref="fl-1c"/>
      </object_component>
      <object_component id="oc-cf">
         <name>NmiIntruptRegsFile</name>
         <uninitialized>true</uninitialized>
         <run_address>0x7060</run_address>
         <size>0x10</size>
         <input_file_ref idref="fl-1c"/>
      </object_component>
      <object_component id="oc-d2">
         <name>XIntruptRegsFile</name>
         <uninitialized>true</uninitialized>
         <run_address>0x7070</run_address>
         <size>0x10</size>
         <input_file_ref idref="fl-1c"/>
      </object_component>
      <object_component id="oc-f3">
         <name>AdcRegsFile</name>
         <uninitialized>true</uninitialized>
         <run_address>0x7100</run_address>
         <size>0x50</size>
         <input_file_ref idref="fl-1c"/>
      </object_component>
      <object_component id="oc-e1">
         <name>I2caRegsFile</name>
         <uninitialized>true</uninitialized>
         <run_address>0x7900</run_address>
         <size>0x22</size>
         <input_file_ref idref="fl-1c"/>
      </object_component>
      <object_component id="oc-d4">
         <name>Comp1RegsFile</name>
         <uninitialized>true</uninitialized>
         <run_address>0x6400</run_address>
         <size>0x14</size>
         <input_file_ref idref="fl-1c"/>
      </object_component>
      <object_component id="oc-d3">
         <name>Comp2RegsFile</name>
         <uninitialized>true</uninitialized>
         <run_address>0x6420</run_address>
         <size>0x14</size>
         <input_file_ref idref="fl-1c"/>
      </object_component>
      <object_component id="oc-d5">
         <name>Comp3RegsFile</name>
         <uninitialized>true</uninitialized>
         <run_address>0x6440</run_address>
         <size>0x14</size>
         <input_file_ref idref="fl-1c"/>
      </object_component>
      <object_component id="oc-e8">
         <name>EPwm1RegsFile</name>
         <uninitialized>true</uninitialized>
         <run_address>0x6800</run_address>
         <size>0x40</size>
         <input_file_ref idref="fl-1c"/>
      </object_component>
      <object_component id="oc-e7">
         <name>EPwm2RegsFile</name>
         <uninitialized>true</uninitialized>
         <run_address>0x6840</run_address>
         <size>0x40</size>
         <input_file_ref idref="fl-1c"/>
      </object_component>
      <object_component id="oc-f2">
         <name>EPwm3RegsFile</name>
         <uninitialized>true</uninitialized>
         <run_address>0x6880</run_address>
         <size>0x40</size>
         <input_file_ref idref="fl-1c"/>
      </object_component>
      <object_component id="oc-f0">
         <name>EPwm4RegsFile</name>
         <uninitialized>true</uninitialized>
         <run_address>0x68c0</run_address>
         <size>0x40</size>
         <input_file_ref idref="fl-1c"/>
      </object_component>
      <object_component id="oc-f1">
         <name>EPwm5RegsFile</name>
         <uninitialized>true</uninitialized>
         <run_address>0x6900</run_address>
         <size>0x40</size>
         <input_file_ref idref="fl-1c"/>
      </object_component>
      <object_component id="oc-ed">
         <name>EPwm6RegsFile</name>
         <uninitialized>true</uninitialized>
         <run_address>0x6940</run_address>
         <size>0x40</size>
         <input_file_ref idref="fl-1c"/>
      </object_component>
      <object_component id="oc-ec">
         <name>EPwm7RegsFile</name>
         <uninitialized>true</uninitialized>
         <run_address>0x6980</run_address>
         <size>0x40</size>
         <input_file_ref idref="fl-1c"/>
      </object_component>
      <object_component id="oc-ef">
         <name>EPwm8RegsFile</name>
         <uninitialized>true</uninitialized>
         <run_address>0x69c0</run_address>
         <size>0x40</size>
         <input_file_ref idref="fl-1c"/>
      </object_component>
      <object_component id="oc-e3">
         <name>McbspaRegsFile</name>
         <uninitialized>true</uninitialized>
         <run_address>0x5000</run_address>
         <size>0x24</size>
         <input_file_ref idref="fl-1c"/>
      </object_component>
      <object_component id="oc-f7">
         <name>Usb0RegsFile</name>
         <uninitialized>true</uninitialized>
         <run_address>0x4000</run_address>
         <size>0x454</size>
         <input_file_ref idref="fl-1c"/>
      </object_component>
      <object_component id="oc-c9">
         <name>CsmPwlFile</name>
         <uninitialized>true</uninitialized>
         <run_address>0x3f7ff8</run_address>
         <size>0x8</size>
         <input_file_ref idref="fl-1c"/>
      </object_component>
      <object_component id="oc-bf">
         <name>PartIdRegsFile</name>
         <uninitialized>true</uninitialized>
         <run_address>0x3d7e80</run_address>
         <size>0x1</size>
         <input_file_ref idref="fl-1c"/>
      </object_component>
      <object_component id="oc-53">
         <name>.debug_info</name>
         <load_address>0x0</load_address>
         <run_address>0x0</run_address>
         <size>0x57e</size>
         <input_file_ref idref="fl-4"/>
      </object_component>
      <object_component id="oc-57">
         <name>.debug_info</name>
         <load_address>0x57e</load_address>
         <run_address>0x57e</run_address>
         <size>0x1c32</size>
         <input_file_ref idref="fl-5"/>
      </object_component>
      <object_component id="oc-5b">
         <name>.debug_info</name>
         <load_address>0x21b0</load_address>
         <run_address>0x21b0</run_address>
         <size>0xb07</size>
         <input_file_ref idref="fl-6"/>
      </object_component>
      <object_component id="oc-5f">
         <name>.debug_info</name>
         <load_address>0x2cb7</load_address>
         <run_address>0x2cb7</run_address>
         <size>0x10e2</size>
         <input_file_ref idref="fl-7"/>
      </object_component>
      <object_component id="oc-63">
         <name>.debug_info</name>
         <load_address>0x3d99</load_address>
         <run_address>0x3d99</run_address>
         <size>0x24b6</size>
         <input_file_ref idref="fl-8"/>
      </object_component>
      <object_component id="oc-67">
         <name>.debug_info</name>
         <load_address>0x624f</load_address>
         <run_address>0x624f</run_address>
         <size>0x1288</size>
         <input_file_ref idref="fl-9"/>
      </object_component>
      <object_component id="oc-6b">
         <name>.debug_info</name>
         <load_address>0x74d7</load_address>
         <run_address>0x74d7</run_address>
         <size>0x23c7</size>
         <input_file_ref idref="fl-a"/>
      </object_component>
      <object_component id="oc-6f">
         <name>.debug_info</name>
         <load_address>0x989e</load_address>
         <run_address>0x989e</run_address>
         <size>0x1946</size>
         <input_file_ref idref="fl-b"/>
      </object_component>
      <object_component id="oc-74">
         <name>.debug_info</name>
         <load_address>0xb1e4</load_address>
         <run_address>0xb1e4</run_address>
         <size>0x1b71</size>
         <input_file_ref idref="fl-c"/>
      </object_component>
      <object_component id="oc-7c">
         <name>.debug_info</name>
         <load_address>0xcd55</load_address>
         <run_address>0xcd55</run_address>
         <size>0x1a2b</size>
         <input_file_ref idref="fl-d"/>
      </object_component>
      <object_component id="oc-82">
         <name>.debug_info</name>
         <load_address>0xe780</load_address>
         <run_address>0xe780</run_address>
         <size>0x860</size>
         <input_file_ref idref="fl-e"/>
      </object_component>
      <object_component id="oc-86">
         <name>.debug_info</name>
         <load_address>0xefe0</load_address>
         <run_address>0xefe0</run_address>
         <size>0x2282</size>
         <input_file_ref idref="fl-f"/>
      </object_component>
      <object_component id="oc-8b">
         <name>.debug_info</name>
         <load_address>0x11262</load_address>
         <run_address>0x11262</run_address>
         <size>0x72a</size>
         <input_file_ref idref="fl-10"/>
      </object_component>
      <object_component id="oc-8f">
         <name>.debug_info</name>
         <load_address>0x1198c</load_address>
         <run_address>0x1198c</run_address>
         <size>0x1241</size>
         <input_file_ref idref="fl-11"/>
      </object_component>
      <object_component id="oc-94">
         <name>.debug_info</name>
         <load_address>0x12bcd</load_address>
         <run_address>0x12bcd</run_address>
         <size>0x2588</size>
         <input_file_ref idref="fl-12"/>
      </object_component>
      <object_component id="oc-98">
         <name>.debug_info</name>
         <load_address>0x15155</load_address>
         <run_address>0x15155</run_address>
         <size>0x5d56</size>
         <input_file_ref idref="fl-13"/>
      </object_component>
      <object_component id="oc-9c">
         <name>.debug_info</name>
         <load_address>0x1aeab</load_address>
         <run_address>0x1aeab</run_address>
         <size>0xae4</size>
         <input_file_ref idref="fl-14"/>
      </object_component>
      <object_component id="oc-a0">
         <name>.debug_info</name>
         <load_address>0x1b98f</load_address>
         <run_address>0x1b98f</run_address>
         <size>0xd55</size>
         <input_file_ref idref="fl-15"/>
      </object_component>
      <object_component id="oc-a5">
         <name>.debug_info</name>
         <load_address>0x1c6e4</load_address>
         <run_address>0x1c6e4</run_address>
         <size>0x12c</size>
         <input_file_ref idref="fl-16"/>
      </object_component>
      <object_component id="oc-a8">
         <name>.debug_info</name>
         <load_address>0x1c810</load_address>
         <run_address>0x1c810</run_address>
         <size>0x995</size>
         <input_file_ref idref="fl-17"/>
      </object_component>
      <object_component id="oc-ad">
         <name>.debug_info</name>
         <load_address>0x1d1a5</load_address>
         <run_address>0x1d1a5</run_address>
         <size>0x2ada</size>
         <input_file_ref idref="fl-18"/>
      </object_component>
      <object_component id="oc-b2">
         <name>.debug_info</name>
         <load_address>0x1fc7f</load_address>
         <run_address>0x1fc7f</run_address>
         <size>0x182f</size>
         <input_file_ref idref="fl-19"/>
      </object_component>
      <object_component id="oc-b6">
         <name>.debug_info</name>
         <load_address>0x214ae</load_address>
         <run_address>0x214ae</run_address>
         <size>0x1dbc</size>
         <input_file_ref idref="fl-1a"/>
      </object_component>
      <object_component id="oc-ba">
         <name>.debug_info</name>
         <load_address>0x2326a</load_address>
         <run_address>0x2326a</run_address>
         <size>0x19f1</size>
         <input_file_ref idref="fl-1b"/>
      </object_component>
      <object_component id="oc-be">
         <name>.debug_info</name>
         <load_address>0x24c5b</load_address>
         <run_address>0x24c5b</run_address>
         <size>0x1a745</size>
         <input_file_ref idref="fl-1c"/>
      </object_component>
      <object_component id="oc-f9">
         <name>.debug_info</name>
         <load_address>0x3f3a0</load_address>
         <run_address>0x3f3a0</run_address>
         <size>0x182f</size>
         <input_file_ref idref="fl-1d"/>
      </object_component>
      <object_component id="oc-fd">
         <name>.debug_info</name>
         <load_address>0x40bcf</load_address>
         <run_address>0x40bcf</run_address>
         <size>0x1830</size>
         <input_file_ref idref="fl-1e"/>
      </object_component>
      <object_component id="oc-101">
         <name>.debug_info</name>
         <load_address>0x423ff</load_address>
         <run_address>0x423ff</run_address>
         <size>0x18ec</size>
         <input_file_ref idref="fl-1f"/>
      </object_component>
      <object_component id="oc-105">
         <name>.debug_info</name>
         <load_address>0x43ceb</load_address>
         <run_address>0x43ceb</run_address>
         <size>0xb3b</size>
         <input_file_ref idref="fl-20"/>
      </object_component>
      <object_component id="oc-109">
         <name>.debug_info</name>
         <load_address>0x44826</load_address>
         <run_address>0x44826</run_address>
         <size>0x245d</size>
         <input_file_ref idref="fl-21"/>
      </object_component>
      <object_component id="oc-10e">
         <name>.debug_info</name>
         <load_address>0x46c83</load_address>
         <run_address>0x46c83</run_address>
         <size>0x19de</size>
         <input_file_ref idref="fl-22"/>
      </object_component>
      <object_component id="oc-112">
         <name>.debug_info</name>
         <load_address>0x48661</load_address>
         <run_address>0x48661</run_address>
         <size>0x2854</size>
         <input_file_ref idref="fl-23"/>
      </object_component>
      <object_component id="oc-117">
         <name>.debug_info</name>
         <load_address>0x4aeb5</load_address>
         <run_address>0x4aeb5</run_address>
         <size>0xe7</size>
         <input_file_ref idref="fl-24"/>
      </object_component>
      <object_component id="oc-11b">
         <name>.debug_info</name>
         <load_address>0x4af9c</load_address>
         <run_address>0x4af9c</run_address>
         <size>0x142</size>
         <input_file_ref idref="fl-29"/>
      </object_component>
      <object_component id="oc-11f">
         <name>.debug_info</name>
         <load_address>0x4b0de</load_address>
         <run_address>0x4b0de</run_address>
         <size>0xeb</size>
         <input_file_ref idref="fl-2a"/>
      </object_component>
      <object_component id="oc-123">
         <name>.debug_info</name>
         <load_address>0x4b1c9</load_address>
         <run_address>0x4b1c9</run_address>
         <size>0x14b</size>
         <input_file_ref idref="fl-2b"/>
      </object_component>
      <object_component id="oc-127">
         <name>.debug_info</name>
         <load_address>0x4b314</load_address>
         <run_address>0x4b314</run_address>
         <size>0x1c1</size>
         <input_file_ref idref="fl-2c"/>
      </object_component>
      <object_component id="oc-12a">
         <name>.debug_info</name>
         <load_address>0x4b4d5</load_address>
         <run_address>0x4b4d5</run_address>
         <size>0x471</size>
         <input_file_ref idref="fl-2d"/>
      </object_component>
      <object_component id="oc-131">
         <name>.debug_info</name>
         <load_address>0x4b946</load_address>
         <run_address>0x4b946</run_address>
         <size>0xde</size>
         <input_file_ref idref="fl-2e"/>
      </object_component>
      <object_component id="oc-134">
         <name>.debug_info</name>
         <load_address>0x4ba24</load_address>
         <run_address>0x4ba24</run_address>
         <size>0x46f</size>
         <input_file_ref idref="fl-2f"/>
      </object_component>
      <object_component id="oc-139">
         <name>.debug_info</name>
         <load_address>0x4be93</load_address>
         <run_address>0x4be93</run_address>
         <size>0x142</size>
         <input_file_ref idref="fl-30"/>
      </object_component>
      <object_component id="oc-13d">
         <name>.debug_info</name>
         <load_address>0x4bfd5</load_address>
         <run_address>0x4bfd5</run_address>
         <size>0x355</size>
         <input_file_ref idref="fl-32"/>
      </object_component>
      <object_component id="oc-141">
         <name>.debug_info</name>
         <load_address>0x4c32a</load_address>
         <run_address>0x4c32a</run_address>
         <size>0x488</size>
         <input_file_ref idref="fl-33"/>
      </object_component>
      <object_component id="oc-147">
         <name>.debug_info</name>
         <load_address>0x4c7b2</load_address>
         <run_address>0x4c7b2</run_address>
         <size>0x4ae</size>
         <input_file_ref idref="fl-34"/>
      </object_component>
      <object_component id="oc-14e">
         <name>.debug_info</name>
         <load_address>0x4cc60</load_address>
         <run_address>0x4cc60</run_address>
         <size>0x142</size>
         <input_file_ref idref="fl-35"/>
      </object_component>
      <object_component id="oc-152">
         <name>.debug_info</name>
         <load_address>0x4cda2</load_address>
         <run_address>0x4cda2</run_address>
         <size>0x144</size>
         <input_file_ref idref="fl-36"/>
      </object_component>
      <object_component id="oc-155">
         <name>.debug_info</name>
         <load_address>0x4cee6</load_address>
         <run_address>0x4cee6</run_address>
         <size>0x453</size>
         <input_file_ref idref="fl-37"/>
      </object_component>
      <object_component id="oc-1cc">
         <name>.debug_info</name>
         <load_address>0x4d339</load_address>
         <run_address>0x4d339</run_address>
         <size>0x6f</size>
      </object_component>
      <object_component id="oc-54">
         <name>.debug_frame</name>
         <load_address>0x0</load_address>
         <run_address>0x0</run_address>
         <size>0x8e</size>
         <input_file_ref idref="fl-4"/>
      </object_component>
      <object_component id="oc-58">
         <name>.debug_frame</name>
         <load_address>0x8e</load_address>
         <run_address>0x8e</run_address>
         <size>0xc5</size>
         <input_file_ref idref="fl-5"/>
      </object_component>
      <object_component id="oc-5c">
         <name>.debug_frame</name>
         <load_address>0x153</load_address>
         <run_address>0x153</run_address>
         <size>0xc5</size>
         <input_file_ref idref="fl-6"/>
      </object_component>
      <object_component id="oc-60">
         <name>.debug_frame</name>
         <load_address>0x218</load_address>
         <run_address>0x218</run_address>
         <size>0xee</size>
         <input_file_ref idref="fl-7"/>
      </object_component>
      <object_component id="oc-64">
         <name>.debug_frame</name>
         <load_address>0x306</load_address>
         <run_address>0x306</run_address>
         <size>0x288</size>
         <input_file_ref idref="fl-8"/>
      </object_component>
      <object_component id="oc-68">
         <name>.debug_frame</name>
         <load_address>0x58e</load_address>
         <run_address>0x58e</run_address>
         <size>0xa6</size>
         <input_file_ref idref="fl-9"/>
      </object_component>
      <object_component id="oc-71">
         <name>.debug_frame</name>
         <load_address>0x634</load_address>
         <run_address>0x634</run_address>
         <size>0x1a3</size>
         <input_file_ref idref="fl-b"/>
      </object_component>
      <object_component id="oc-79">
         <name>.debug_frame</name>
         <load_address>0x7d7</load_address>
         <run_address>0x7d7</run_address>
         <size>0x1ad</size>
         <input_file_ref idref="fl-c"/>
      </object_component>
      <object_component id="oc-7f">
         <name>.debug_frame</name>
         <load_address>0x984</load_address>
         <run_address>0x984</run_address>
         <size>0x162</size>
         <input_file_ref idref="fl-d"/>
      </object_component>
      <object_component id="oc-83">
         <name>.debug_frame</name>
         <load_address>0xae6</load_address>
         <run_address>0xae6</run_address>
         <size>0x8e</size>
         <input_file_ref idref="fl-e"/>
      </object_component>
      <object_component id="oc-88">
         <name>.debug_frame</name>
         <load_address>0xb74</load_address>
         <run_address>0xb74</run_address>
         <size>0x107</size>
         <input_file_ref idref="fl-f"/>
      </object_component>
      <object_component id="oc-8c">
         <name>.debug_frame</name>
         <load_address>0xc7b</load_address>
         <run_address>0xc7b</run_address>
         <size>0x8e</size>
         <input_file_ref idref="fl-10"/>
      </object_component>
      <object_component id="oc-91">
         <name>.debug_frame</name>
         <load_address>0xd09</load_address>
         <run_address>0xd09</run_address>
         <size>0x172</size>
         <input_file_ref idref="fl-11"/>
      </object_component>
      <object_component id="oc-95">
         <name>.debug_frame</name>
         <load_address>0xe7b</load_address>
         <run_address>0xe7b</run_address>
         <size>0x125</size>
         <input_file_ref idref="fl-12"/>
      </object_component>
      <object_component id="oc-99">
         <name>.debug_frame</name>
         <load_address>0xfa0</load_address>
         <run_address>0xfa0</run_address>
         <size>0xec</size>
         <input_file_ref idref="fl-13"/>
      </object_component>
      <object_component id="oc-9d">
         <name>.debug_frame</name>
         <load_address>0x108c</load_address>
         <run_address>0x108c</run_address>
         <size>0x12a</size>
         <input_file_ref idref="fl-14"/>
      </object_component>
      <object_component id="oc-a1">
         <name>.debug_frame</name>
         <load_address>0x11b6</load_address>
         <run_address>0x11b6</run_address>
         <size>0x191</size>
         <input_file_ref idref="fl-15"/>
      </object_component>
      <object_component id="oc-aa">
         <name>.debug_frame</name>
         <load_address>0x1347</load_address>
         <run_address>0x1347</run_address>
         <size>0xc4</size>
         <input_file_ref idref="fl-17"/>
      </object_component>
      <object_component id="oc-af">
         <name>.debug_frame</name>
         <load_address>0x140b</load_address>
         <run_address>0x140b</run_address>
         <size>0xf06</size>
         <input_file_ref idref="fl-18"/>
      </object_component>
      <object_component id="oc-b3">
         <name>.debug_frame</name>
         <load_address>0x2311</load_address>
         <run_address>0x2311</run_address>
         <size>0x8e</size>
         <input_file_ref idref="fl-19"/>
      </object_component>
      <object_component id="oc-b7">
         <name>.debug_frame</name>
         <load_address>0x239f</load_address>
         <run_address>0x239f</run_address>
         <size>0x1ae</size>
         <input_file_ref idref="fl-1a"/>
      </object_component>
      <object_component id="oc-bb">
         <name>.debug_frame</name>
         <load_address>0x254d</load_address>
         <run_address>0x254d</run_address>
         <size>0xee</size>
         <input_file_ref idref="fl-1b"/>
      </object_component>
      <object_component id="oc-fa">
         <name>.debug_frame</name>
         <load_address>0x263b</load_address>
         <run_address>0x263b</run_address>
         <size>0x8e</size>
         <input_file_ref idref="fl-1d"/>
      </object_component>
      <object_component id="oc-fe">
         <name>.debug_frame</name>
         <load_address>0x26c9</load_address>
         <run_address>0x26c9</run_address>
         <size>0x8e</size>
         <input_file_ref idref="fl-1e"/>
      </object_component>
      <object_component id="oc-102">
         <name>.debug_frame</name>
         <load_address>0x2757</load_address>
         <run_address>0x2757</run_address>
         <size>0xbe</size>
         <input_file_ref idref="fl-1f"/>
      </object_component>
      <object_component id="oc-106">
         <name>.debug_frame</name>
         <load_address>0x2815</load_address>
         <run_address>0x2815</run_address>
         <size>0xbe</size>
         <input_file_ref idref="fl-20"/>
      </object_component>
      <object_component id="oc-10b">
         <name>.debug_frame</name>
         <load_address>0x28d3</load_address>
         <run_address>0x28d3</run_address>
         <size>0xac</size>
         <input_file_ref idref="fl-21"/>
      </object_component>
      <object_component id="oc-10f">
         <name>.debug_frame</name>
         <load_address>0x297f</load_address>
         <run_address>0x297f</run_address>
         <size>0xee</size>
         <input_file_ref idref="fl-22"/>
      </object_component>
      <object_component id="oc-113">
         <name>.debug_frame</name>
         <load_address>0x2a6d</load_address>
         <run_address>0x2a6d</run_address>
         <size>0x1aa</size>
         <input_file_ref idref="fl-23"/>
      </object_component>
      <object_component id="oc-12b">
         <name>.debug_frame</name>
         <load_address>0x2c17</load_address>
         <run_address>0x2c17</run_address>
         <size>0xad</size>
         <input_file_ref idref="fl-2d"/>
      </object_component>
      <object_component id="oc-135">
         <name>.debug_frame</name>
         <load_address>0x2cc4</load_address>
         <run_address>0x2cc4</run_address>
         <size>0xa6</size>
         <input_file_ref idref="fl-2f"/>
      </object_component>
      <object_component id="oc-144">
         <name>.debug_frame</name>
         <load_address>0x2d6a</load_address>
         <run_address>0x2d6a</run_address>
         <size>0xc7</size>
         <input_file_ref idref="fl-33"/>
      </object_component>
      <object_component id="oc-14a">
         <name>.debug_frame</name>
         <load_address>0x2e31</load_address>
         <run_address>0x2e31</run_address>
         <size>0xd6</size>
         <input_file_ref idref="fl-34"/>
      </object_component>
      <object_component id="oc-156">
         <name>.debug_frame</name>
         <load_address>0x2f07</load_address>
         <run_address>0x2f07</run_address>
         <size>0xa6</size>
         <input_file_ref idref="fl-37"/>
      </object_component>
      <object_component id="oc-55">
         <name>.debug_line</name>
         <load_address>0x0</load_address>
         <run_address>0x0</run_address>
         <size>0x31</size>
         <input_file_ref idref="fl-4"/>
      </object_component>
      <object_component id="oc-59">
         <name>.debug_line</name>
         <load_address>0x31</load_address>
         <run_address>0x31</run_address>
         <size>0xc2</size>
         <input_file_ref idref="fl-5"/>
      </object_component>
      <object_component id="oc-5d">
         <name>.debug_line</name>
         <load_address>0xf3</load_address>
         <run_address>0xf3</run_address>
         <size>0x105</size>
         <input_file_ref idref="fl-6"/>
      </object_component>
      <object_component id="oc-61">
         <name>.debug_line</name>
         <load_address>0x1f8</load_address>
         <run_address>0x1f8</run_address>
         <size>0xb7</size>
         <input_file_ref idref="fl-7"/>
      </object_component>
      <object_component id="oc-65">
         <name>.debug_line</name>
         <load_address>0x2af</load_address>
         <run_address>0x2af</run_address>
         <size>0x48f</size>
         <input_file_ref idref="fl-8"/>
      </object_component>
      <object_component id="oc-69">
         <name>.debug_line</name>
         <load_address>0x73e</load_address>
         <run_address>0x73e</run_address>
         <size>0x4d</size>
         <input_file_ref idref="fl-9"/>
      </object_component>
      <object_component id="oc-72">
         <name>.debug_line</name>
         <load_address>0x78b</load_address>
         <run_address>0x78b</run_address>
         <size>0x1a3</size>
         <input_file_ref idref="fl-b"/>
      </object_component>
      <object_component id="oc-7a">
         <name>.debug_line</name>
         <load_address>0x92e</load_address>
         <run_address>0x92e</run_address>
         <size>0x115</size>
         <input_file_ref idref="fl-c"/>
      </object_component>
      <object_component id="oc-80">
         <name>.debug_line</name>
         <load_address>0xa43</load_address>
         <run_address>0xa43</run_address>
         <size>0x110</size>
         <input_file_ref idref="fl-d"/>
      </object_component>
      <object_component id="oc-84">
         <name>.debug_line</name>
         <load_address>0xb53</load_address>
         <run_address>0xb53</run_address>
         <size>0x38</size>
         <input_file_ref idref="fl-e"/>
      </object_component>
      <object_component id="oc-89">
         <name>.debug_line</name>
         <load_address>0xb8b</load_address>
         <run_address>0xb8b</run_address>
         <size>0xa6</size>
         <input_file_ref idref="fl-f"/>
      </object_component>
      <object_component id="oc-8d">
         <name>.debug_line</name>
         <load_address>0xc31</load_address>
         <run_address>0xc31</run_address>
         <size>0x37</size>
         <input_file_ref idref="fl-10"/>
      </object_component>
      <object_component id="oc-92">
         <name>.debug_line</name>
         <load_address>0xc68</load_address>
         <run_address>0xc68</run_address>
         <size>0x81</size>
         <input_file_ref idref="fl-11"/>
      </object_component>
      <object_component id="oc-96">
         <name>.debug_line</name>
         <load_address>0xce9</load_address>
         <run_address>0xce9</run_address>
         <size>0x13f</size>
         <input_file_ref idref="fl-12"/>
      </object_component>
      <object_component id="oc-9a">
         <name>.debug_line</name>
         <load_address>0xe28</load_address>
         <run_address>0xe28</run_address>
         <size>0x1ce</size>
         <input_file_ref idref="fl-13"/>
      </object_component>
      <object_component id="oc-9e">
         <name>.debug_line</name>
         <load_address>0xff6</load_address>
         <run_address>0xff6</run_address>
         <size>0x204</size>
         <input_file_ref idref="fl-14"/>
      </object_component>
      <object_component id="oc-a2">
         <name>.debug_line</name>
         <load_address>0x11fa</load_address>
         <run_address>0x11fa</run_address>
         <size>0x126</size>
         <input_file_ref idref="fl-15"/>
      </object_component>
      <object_component id="oc-a6">
         <name>.debug_line</name>
         <load_address>0x1320</load_address>
         <run_address>0x1320</run_address>
         <size>0x66</size>
         <input_file_ref idref="fl-16"/>
      </object_component>
      <object_component id="oc-ab">
         <name>.debug_line</name>
         <load_address>0x1386</load_address>
         <run_address>0x1386</run_address>
         <size>0x8a</size>
         <input_file_ref idref="fl-17"/>
      </object_component>
      <object_component id="oc-b0">
         <name>.debug_line</name>
         <load_address>0x1410</load_address>
         <run_address>0x1410</run_address>
         <size>0x931</size>
         <input_file_ref idref="fl-18"/>
      </object_component>
      <object_component id="oc-b4">
         <name>.debug_line</name>
         <load_address>0x1d41</load_address>
         <run_address>0x1d41</run_address>
         <size>0x38</size>
         <input_file_ref idref="fl-19"/>
      </object_component>
      <object_component id="oc-b8">
         <name>.debug_line</name>
         <load_address>0x1d79</load_address>
         <run_address>0x1d79</run_address>
         <size>0x1a6</size>
         <input_file_ref idref="fl-1a"/>
      </object_component>
      <object_component id="oc-bc">
         <name>.debug_line</name>
         <load_address>0x1f1f</load_address>
         <run_address>0x1f1f</run_address>
         <size>0xc7</size>
         <input_file_ref idref="fl-1b"/>
      </object_component>
      <object_component id="oc-fb">
         <name>.debug_line</name>
         <load_address>0x1fe6</load_address>
         <run_address>0x1fe6</run_address>
         <size>0x38</size>
         <input_file_ref idref="fl-1d"/>
      </object_component>
      <object_component id="oc-ff">
         <name>.debug_line</name>
         <load_address>0x201e</load_address>
         <run_address>0x201e</run_address>
         <size>0x39</size>
         <input_file_ref idref="fl-1e"/>
      </object_component>
      <object_component id="oc-103">
         <name>.debug_line</name>
         <load_address>0x2057</load_address>
         <run_address>0x2057</run_address>
         <size>0x71</size>
         <input_file_ref idref="fl-1f"/>
      </object_component>
      <object_component id="oc-107">
         <name>.debug_line</name>
         <load_address>0x20c8</load_address>
         <run_address>0x20c8</run_address>
         <size>0x8a</size>
         <input_file_ref idref="fl-20"/>
      </object_component>
      <object_component id="oc-10c">
         <name>.debug_line</name>
         <load_address>0x2152</load_address>
         <run_address>0x2152</run_address>
         <size>0x6f</size>
         <input_file_ref idref="fl-21"/>
      </object_component>
      <object_component id="oc-110">
         <name>.debug_line</name>
         <load_address>0x21c1</load_address>
         <run_address>0x21c1</run_address>
         <size>0xa6</size>
         <input_file_ref idref="fl-22"/>
      </object_component>
      <object_component id="oc-114">
         <name>.debug_line</name>
         <load_address>0x2267</load_address>
         <run_address>0x2267</run_address>
         <size>0x204</size>
         <input_file_ref idref="fl-23"/>
      </object_component>
      <object_component id="oc-118">
         <name>.debug_line</name>
         <load_address>0x246b</load_address>
         <run_address>0x246b</run_address>
         <size>0x4d</size>
         <input_file_ref idref="fl-24"/>
      </object_component>
      <object_component id="oc-11c">
         <name>.debug_line</name>
         <load_address>0x24b8</load_address>
         <run_address>0x24b8</run_address>
         <size>0x7a</size>
         <input_file_ref idref="fl-29"/>
      </object_component>
      <object_component id="oc-120">
         <name>.debug_line</name>
         <load_address>0x2532</load_address>
         <run_address>0x2532</run_address>
         <size>0x66</size>
         <input_file_ref idref="fl-2a"/>
      </object_component>
      <object_component id="oc-124">
         <name>.debug_line</name>
         <load_address>0x2598</load_address>
         <run_address>0x2598</run_address>
         <size>0x8b</size>
         <input_file_ref idref="fl-2b"/>
      </object_component>
      <object_component id="oc-128">
         <name>.debug_line</name>
         <load_address>0x2623</load_address>
         <run_address>0x2623</run_address>
         <size>0x168</size>
         <input_file_ref idref="fl-2c"/>
      </object_component>
      <object_component id="oc-12c">
         <name>.debug_line</name>
         <load_address>0x278b</load_address>
         <run_address>0x278b</run_address>
         <size>0x72</size>
         <input_file_ref idref="fl-2d"/>
      </object_component>
      <object_component id="oc-132">
         <name>.debug_line</name>
         <load_address>0x27fd</load_address>
         <run_address>0x27fd</run_address>
         <size>0x71</size>
         <input_file_ref idref="fl-2e"/>
      </object_component>
      <object_component id="oc-136">
         <name>.debug_line</name>
         <load_address>0x286e</load_address>
         <run_address>0x286e</run_address>
         <size>0x50</size>
         <input_file_ref idref="fl-2f"/>
      </object_component>
      <object_component id="oc-13a">
         <name>.debug_line</name>
         <load_address>0x28be</load_address>
         <run_address>0x28be</run_address>
         <size>0x88</size>
         <input_file_ref idref="fl-30"/>
      </object_component>
      <object_component id="oc-145">
         <name>.debug_line</name>
         <load_address>0x2946</load_address>
         <run_address>0x2946</run_address>
         <size>0x62</size>
         <input_file_ref idref="fl-33"/>
      </object_component>
      <object_component id="oc-14b">
         <name>.debug_line</name>
         <load_address>0x29a8</load_address>
         <run_address>0x29a8</run_address>
         <size>0x5b</size>
         <input_file_ref idref="fl-34"/>
      </object_component>
      <object_component id="oc-14f">
         <name>.debug_line</name>
         <load_address>0x2a03</load_address>
         <run_address>0x2a03</run_address>
         <size>0x88</size>
         <input_file_ref idref="fl-35"/>
      </object_component>
      <object_component id="oc-153">
         <name>.debug_line</name>
         <load_address>0x2a8b</load_address>
         <run_address>0x2a8b</run_address>
         <size>0x80</size>
         <input_file_ref idref="fl-36"/>
      </object_component>
      <object_component id="oc-157">
         <name>.debug_line</name>
         <load_address>0x2b0b</load_address>
         <run_address>0x2b0b</run_address>
         <size>0x5d</size>
         <input_file_ref idref="fl-37"/>
      </object_component>
      <object_component id="oc-56">
         <name>.debug_abbrev</name>
         <load_address>0x0</load_address>
         <run_address>0x0</run_address>
         <size>0x11d</size>
         <input_file_ref idref="fl-4"/>
      </object_component>
      <object_component id="oc-5a">
         <name>.debug_abbrev</name>
         <load_address>0x11d</load_address>
         <run_address>0x11d</run_address>
         <size>0x10c</size>
         <input_file_ref idref="fl-5"/>
      </object_component>
      <object_component id="oc-5e">
         <name>.debug_abbrev</name>
         <load_address>0x229</load_address>
         <run_address>0x229</run_address>
         <size>0x103</size>
         <input_file_ref idref="fl-6"/>
      </object_component>
      <object_component id="oc-62">
         <name>.debug_abbrev</name>
         <load_address>0x32c</load_address>
         <run_address>0x32c</run_address>
         <size>0xbb</size>
         <input_file_ref idref="fl-7"/>
      </object_component>
      <object_component id="oc-66">
         <name>.debug_abbrev</name>
         <load_address>0x3e7</load_address>
         <run_address>0x3e7</run_address>
         <size>0x1a7</size>
         <input_file_ref idref="fl-8"/>
      </object_component>
      <object_component id="oc-6a">
         <name>.debug_abbrev</name>
         <load_address>0x58e</load_address>
         <run_address>0x58e</run_address>
         <size>0x10d</size>
         <input_file_ref idref="fl-9"/>
      </object_component>
      <object_component id="oc-6e">
         <name>.debug_abbrev</name>
         <load_address>0x69b</load_address>
         <run_address>0x69b</run_address>
         <size>0x96</size>
         <input_file_ref idref="fl-a"/>
      </object_component>
      <object_component id="oc-73">
         <name>.debug_abbrev</name>
         <load_address>0x731</load_address>
         <run_address>0x731</run_address>
         <size>0x15b</size>
         <input_file_ref idref="fl-b"/>
      </object_component>
      <object_component id="oc-7b">
         <name>.debug_abbrev</name>
         <load_address>0x88c</load_address>
         <run_address>0x88c</run_address>
         <size>0x194</size>
         <input_file_ref idref="fl-c"/>
      </object_component>
      <object_component id="oc-81">
         <name>.debug_abbrev</name>
         <load_address>0xa20</load_address>
         <run_address>0xa20</run_address>
         <size>0x158</size>
         <input_file_ref idref="fl-d"/>
      </object_component>
      <object_component id="oc-85">
         <name>.debug_abbrev</name>
         <load_address>0xb78</load_address>
         <run_address>0xb78</run_address>
         <size>0xea</size>
         <input_file_ref idref="fl-e"/>
      </object_component>
      <object_component id="oc-8a">
         <name>.debug_abbrev</name>
         <load_address>0xc62</load_address>
         <run_address>0xc62</run_address>
         <size>0x10e</size>
         <input_file_ref idref="fl-f"/>
      </object_component>
      <object_component id="oc-8e">
         <name>.debug_abbrev</name>
         <load_address>0xd70</load_address>
         <run_address>0xd70</run_address>
         <size>0x10f</size>
         <input_file_ref idref="fl-10"/>
      </object_component>
      <object_component id="oc-93">
         <name>.debug_abbrev</name>
         <load_address>0xe7f</load_address>
         <run_address>0xe7f</run_address>
         <size>0x103</size>
         <input_file_ref idref="fl-11"/>
      </object_component>
      <object_component id="oc-97">
         <name>.debug_abbrev</name>
         <load_address>0xf82</load_address>
         <run_address>0xf82</run_address>
         <size>0xe9</size>
         <input_file_ref idref="fl-12"/>
      </object_component>
      <object_component id="oc-9b">
         <name>.debug_abbrev</name>
         <load_address>0x106b</load_address>
         <run_address>0x106b</run_address>
         <size>0x188</size>
         <input_file_ref idref="fl-13"/>
      </object_component>
      <object_component id="oc-9f">
         <name>.debug_abbrev</name>
         <load_address>0x11f3</load_address>
         <run_address>0x11f3</run_address>
         <size>0xf6</size>
         <input_file_ref idref="fl-14"/>
      </object_component>
      <object_component id="oc-a3">
         <name>.debug_abbrev</name>
         <load_address>0x12e9</load_address>
         <run_address>0x12e9</run_address>
         <size>0xa8</size>
         <input_file_ref idref="fl-15"/>
      </object_component>
      <object_component id="oc-a7">
         <name>.debug_abbrev</name>
         <load_address>0x1391</load_address>
         <run_address>0x1391</run_address>
         <size>0x20</size>
         <input_file_ref idref="fl-16"/>
      </object_component>
      <object_component id="oc-ac">
         <name>.debug_abbrev</name>
         <load_address>0x13b1</load_address>
         <run_address>0x13b1</run_address>
         <size>0xf0</size>
         <input_file_ref idref="fl-17"/>
      </object_component>
      <object_component id="oc-b1">
         <name>.debug_abbrev</name>
         <load_address>0x14a1</load_address>
         <run_address>0x14a1</run_address>
         <size>0xd5</size>
         <input_file_ref idref="fl-18"/>
      </object_component>
      <object_component id="oc-b5">
         <name>.debug_abbrev</name>
         <load_address>0x1576</load_address>
         <run_address>0x1576</run_address>
         <size>0xdb</size>
         <input_file_ref idref="fl-19"/>
      </object_component>
      <object_component id="oc-b9">
         <name>.debug_abbrev</name>
         <load_address>0x1651</load_address>
         <run_address>0x1651</run_address>
         <size>0x125</size>
         <input_file_ref idref="fl-1a"/>
      </object_component>
      <object_component id="oc-bd">
         <name>.debug_abbrev</name>
         <load_address>0x1776</load_address>
         <run_address>0x1776</run_address>
         <size>0xdb</size>
         <input_file_ref idref="fl-1b"/>
      </object_component>
      <object_component id="oc-f8">
         <name>.debug_abbrev</name>
         <load_address>0x1851</load_address>
         <run_address>0x1851</run_address>
         <size>0xbe</size>
         <input_file_ref idref="fl-1c"/>
      </object_component>
      <object_component id="oc-fc">
         <name>.debug_abbrev</name>
         <load_address>0x190f</load_address>
         <run_address>0x190f</run_address>
         <size>0xcd</size>
         <input_file_ref idref="fl-1d"/>
      </object_component>
      <object_component id="oc-100">
         <name>.debug_abbrev</name>
         <load_address>0x19dc</load_address>
         <run_address>0x19dc</run_address>
         <size>0xdb</size>
         <input_file_ref idref="fl-1e"/>
      </object_component>
      <object_component id="oc-104">
         <name>.debug_abbrev</name>
         <load_address>0x1ab7</load_address>
         <run_address>0x1ab7</run_address>
         <size>0xcd</size>
         <input_file_ref idref="fl-1f"/>
      </object_component>
      <object_component id="oc-108">
         <name>.debug_abbrev</name>
         <load_address>0x1b84</load_address>
         <run_address>0x1b84</run_address>
         <size>0xbb</size>
         <input_file_ref idref="fl-20"/>
      </object_component>
      <object_component id="oc-10d">
         <name>.debug_abbrev</name>
         <load_address>0x1c3f</load_address>
         <run_address>0x1c3f</run_address>
         <size>0x107</size>
         <input_file_ref idref="fl-21"/>
      </object_component>
      <object_component id="oc-111">
         <name>.debug_abbrev</name>
         <load_address>0x1d46</load_address>
         <run_address>0x1d46</run_address>
         <size>0xdb</size>
         <input_file_ref idref="fl-22"/>
      </object_component>
      <object_component id="oc-115">
         <name>.debug_abbrev</name>
[...]
         <value>0x3f5b60</value>
         <object_component_ref idref="oc-16b"/>
      </symbol>
      <symbol id="sm-486">
         <name>_InitEPwm6Gpio</name>
         <value>0x3f5b3c</value>
         <object_component_ref idref="oc-16b"/>
      </symbol>
      <symbol id="sm-487">
         <name>_InitEPwmGpio</name>
         <value>0x3f5acd</value>
         <object_component_ref idref="oc-16b"/>
      </symbol>
      <symbol id="sm-488">
         <name>_InitEPwm5Gpio</name>
         <value>0x3f5b2a</value>
         <object_component_ref idref="oc-16b"/>
      </symbol>
      <symbol id="sm-489">
         <name>_InitEPwm4Gpio</name>
         <value>0x3f5b16</value>
         <object_component_ref idref="oc-16b"/>
      </symbol>
      <symbol id="sm-48a">
         <name>_InitEPwmSyncGpio</name>
         <value>0x3f5b72</value>
         <object_component_ref idref="oc-16b"/>
      </symbol>
      <symbol id="sm-48b">
         <name>_InitEPwm</name>
         <value>0x3f5acc</value>
         <object_component_ref idref="oc-16b"/>
      </symbol>
      <symbol id="sm-495">
         <name>_InitEQepGpio</name>
         <value>0x3f61aa</value>
         <object_component_ref idref="oc-16c"/>
      </symbol>
      <symbol id="sm-496">
         <name>_InitEQep</name>
         <value>0x3f61a9</value>
         <object_component_ref idref="oc-16c"/>
      </symbol>
      <symbol id="sm-497">
         <name>_InitEQep2Gpio</name>
         <value>0x3f61d7</value>
         <object_component_ref idref="oc-16c"/>
      </symbol>
      <symbol id="sm-498">
         <name>_InitEQep1Gpio</name>
         <value>0x3f61af</value>
         <object_component_ref idref="oc-16c"/>
      </symbol>
      <symbol id="sm-510">
         <name>_Usb0Regs</name>
         <value>0x4000</value>
         <object_component_ref idref="oc-f7"/>
      </symbol>
      <symbol id="sm-511">
         <name>_GpioCtrlRegs</name>
         <value>0x6f80</value>
         <object_component_ref idref="oc-ee"/>
      </symbol>
      <symbol id="sm-512">
         <name>_PieVectTable</name>
         <value>0xd00</value>
         <object_component_ref idref="oc-f5"/>
      </symbol>
      <symbol id="sm-513">
         <name>_SysPwrCtrlRegs</name>
         <value>0x985</value>
         <object_component_ref idref="oc-c4"/>
      </symbol>
      <symbol id="sm-514">
         <name>_EmuBMode</name>
         <value>0xd01</value>
         <object_component_ref idref="oc-c1"/>
      </symbol>
      <symbol id="sm-515">
         <name>_CsmRegs</name>
         <value>0xae0</value>
         <object_component_ref idref="oc-d0"/>
      </symbol>
      <symbol id="sm-516">
         <name>_ECanaLAMRegs</name>
         <value>0x6040</value>
         <object_component_ref idref="oc-e9"/>
      </symbol>
      <symbol id="sm-517">
         <name>_AdcResult</name>
         <value>0xb00</value>
         <object_component_ref idref="oc-cd"/>
      </symbol>
      <symbol id="sm-518">
         <name>_EPwm4Regs</name>
         <value>0x68c0</value>
         <object_component_ref idref="oc-f0"/>
      </symbol>
      <symbol id="sm-519">
         <name>_CpuTimer1Regs</name>
         <value>0xc08</value>
         <object_component_ref idref="oc-ca"/>
      </symbol>
      <symbol id="sm-51a">
         <name>_SysCtrlRegs</name>
         <value>0x7010</value>
         <object_component_ref idref="oc-e4"/>
      </symbol>
      <symbol id="sm-51b">
         <name>_HRCap4Regs</name>
         <value>0x6ca0</value>
         <object_component_ref idref="oc-da"/>
      </symbol>
      <symbol id="sm-51c">
         <name>_EPwm5Regs</name>
         <value>0x6900</value>
         <object_component_ref idref="oc-f1"/>
      </symbol>
      <symbol id="sm-51d">
         <name>_SpiaRegs</name>
         <value>0x7040</value>
         <object_component_ref idref="oc-cc"/>
      </symbol>
      <symbol id="sm-51e">
         <name>_ECanaMOTSRegs</name>
         <value>0x6080</value>
         <object_component_ref idref="oc-ea"/>
      </symbol>
      <symbol id="sm-51f">
         <name>_DmaRegs</name>
         <value>0x1000</value>
         <object_component_ref idref="oc-f4"/>
      </symbol>
      <symbol id="sm-520">
         <name>_FlashRegs</name>
         <value>0xa80</value>
         <object_component_ref idref="oc-c6"/>
      </symbol>
      <symbol id="sm-521">
         <name>_CpuTimer0Regs</name>
         <value>0xc00</value>
         <object_component_ref idref="oc-c7"/>
      </symbol>
      <symbol id="sm-522">
         <name>_DevEmuRegs</name>
         <value>0x880</value>
         <object_component_ref idref="oc-c5"/>
      </symbol>
      <symbol id="sm-523">
         <name>_EPwm6Regs</name>
         <value>0x6940</value>
         <object_component_ref idref="oc-ed"/>
      </symbol>
      <symbol id="sm-524">
         <name>_Comp1Regs</name>
         <value>0x6400</value>
         <object_component_ref idref="oc-d4"/>
      </symbol>
      <symbol id="sm-525">
         <name>_SciaRegs</name>
         <value>0x7050</value>
         <object_component_ref idref="oc-ce"/>
      </symbol>
      <symbol id="sm-526">
         <name>_GpioDataRegs</name>
         <value>0x6fc0</value>
         <object_component_ref idref="oc-d8"/>
      </symbol>
      <symbol id="sm-527">
         <name>_CsmPwl</name>
         <value>0x3f7ff8</value>
         <object_component_ref idref="oc-c9"/>
      </symbol>
      <symbol id="sm-528">
         <name>_AdcRegs</name>
         <value>0x7100</value>
         <object_component_ref idref="oc-f3"/>
      </symbol>
      <symbol id="sm-529">
         <name>_EPwm7Regs</name>
         <value>0x6980</value>
         <object_component_ref idref="oc-ec"/>
      </symbol>
      <symbol id="sm-52a">
         <name>_Comp2Regs</name>
         <value>0x6420</value>
         <object_component_ref idref="oc-d3"/>
      </symbol>
      <symbol id="sm-52b">
         <name>_XIntruptRegs</name>
         <value>0x7070</value>
         <object_component_ref idref="oc-d2"/>
      </symbol>
      <symbol id="sm-52c">
         <name>_CpuTimer2Regs</name>
         <value>0xc10</value>
         <object_component_ref idref="oc-c8"/>
      </symbol>
      <symbol id="sm-52d">
         <name>_HRCap1Regs</name>
         <value>0x6ac0</value>
         <object_component_ref idref="oc-db"/>
      </symbol>
      <symbol id="sm-52e">
         <name>_PieCtrlRegs</name>
         <value>0xce0</value>
         <object_component_ref idref="oc-d6"/>
      </symbol>
      <symbol id="sm-52f">
         <name>_SpibRegs</name>
         <value>0x7740</value>
         <object_component_ref idref="oc-d1"/>
      </symbol>
      <symbol id="sm-530">
         <name>_ECanaRegs</name>
         <value>0x6000</value>
         <object_component_ref idref="oc-e5"/>
      </symbol>
      <symbol id="sm-531">
         <name>_Comp3Regs</name>
         <value>0x6440</value>
         <object_component_ref idref="oc-d5"/>
      </symbol>
      <symbol id="sm-532">
         <name>_ECap1Regs</name>
         <value>0x6a00</value>
         <object_component_ref idref="oc-de"/>
      </symbol>
      <symbol id="sm-533">
         <name>_EmuKey</name>
         <value>0xd00</value>
         <object_component_ref idref="oc-c0"/>
      </symbol>
      <symbol id="sm-534">
         <name>_Cla1Regs</name>
         <value>0x1400</value>
         <object_component_ref idref="oc-eb"/>
      </symbol>
      <symbol id="sm-535">
         <name>_EQep1Regs</name>
         <value>0x6b00</value>
         <object_component_ref idref="oc-e2"/>
      </symbol>
      <symbol id="sm-536">
         <name>_McbspaRegs</name>
         <value>0x5000</value>
         <object_component_ref idref="oc-e3"/>
      </symbol>
      <symbol id="sm-537">
         <name>_EPwm1Regs</name>
         <value>0x6800</value>
         <object_component_ref idref="oc-e8"/>
      </symbol>
      <symbol id="sm-538">
         <name>_ScibRegs</name>
         <value>0x7750</value>
         <object_component_ref idref="oc-cb"/>
      </symbol>
      <symbol id="sm-539">
         <name>_ECap2Regs</name>
         <value>0x6a20</value>
         <object_component_ref idref="oc-dd"/>
      </symbol>
      <symbol id="sm-53a">
         <name>_GpioIntRegs</name>
         <value>0x6fe0</value>
         <object_component_ref idref="oc-d7"/>
      </symbol>
      <symbol id="sm-53b">
         <name>_EQep2Regs</name>
         <value>0x6b40</value>
         <object_component_ref idref="oc-e0"/>
      </symbol>
      <symbol id="sm-53c">
         <name>_PartIdRegs</name>
         <value>0x3d7e80</value>
         <object_component_ref idref="oc-bf"/>
      </symbol>
      <symbol id="sm-53d">
         <name>_HRCap3Regs</name>
         <value>0x6c80</value>
         <object_component_ref idref="oc-d9"/>
      </symbol>
      <symbol id="sm-53e">
         <name>_EPwm8Regs</name>
         <value>0x69c0</value>
         <object_component_ref idref="oc-ef"/>
      </symbol>
      <symbol id="sm-53f">
         <name>_Flash_CPUScaleFactor</name>
         <value>0xd04</value>
         <object_component_ref idref="oc-c3"/>
      </symbol>
      <symbol id="sm-540">
         <name>_EPwm2Regs</name>
         <value>0x6840</value>
         <object_component_ref idref="oc-e7"/>
      </symbol>
      <symbol id="sm-541">
         <name>_ECanaMboxes</name>
         <value>0x6100</value>
         <object_component_ref idref="oc-f6"/>
      </symbol>
      <symbol id="sm-542">
         <name>_ECap3Regs</name>
         <value>0x6a40</value>
         <object_component_ref idref="oc-df"/>
      </symbol>
      <symbol id="sm-543">
         <name>_HRCap2Regs</name>
         <value>0x6ae0</value>
         <object_component_ref idref="oc-dc"/>
      </symbol>
      <symbol id="sm-544">
         <name>_NmiIntruptRegs</name>
         <value>0x7060</value>
         <object_component_ref idref="oc-cf"/>
      </symbol>
      <symbol id="sm-545">
         <name>_ECanaMOTORegs</name>
         <value>0x60c0</value>
         <object_component_ref idref="oc-e6"/>
      </symbol>
      <symbol id="sm-546">
         <name>_Flash_CallbackPtr</name>
         <value>0xd02</value>
         <object_component_ref idref="oc-c2"/>
      </symbol>
      <symbol id="sm-547">
         <name>_EPwm3Regs</name>
         <value>0x6880</value>
         <object_component_ref idref="oc-f2"/>
      </symbol>
      <symbol id="sm-548">
         <name>_I2caRegs</name>
         <value>0x7900</value>
         <object_component_ref idref="oc-e1"/>
      </symbol>
      <symbol id="sm-560">
         <name>_InitI2C</name>
         <value>0x3f6431</value>
         <object_component_ref idref="oc-169"/>
      </symbol>
      <symbol id="sm-561">
         <name>_InitI2CGpio</name>
         <value>0x3f6432</value>
         <object_component_ref idref="oc-169"/>
      </symbol>
      <symbol id="sm-56b">
         <name>_InitPieCtrl</name>
         <value>0x3f6356</value>
         <object_component_ref idref="oc-16d"/>
      </symbol>
      <symbol id="sm-56c">
         <name>_EnableInterrupts</name>
         <value>0x3f6375</value>
         <object_component_ref idref="oc-16d"/>
      </symbol>
      <symbol id="sm-57a">
         <name>_PieVectTableInit</name>
         <value>0x3f672e</value>
         <object_component_ref idref="oc-10a"/>
      </symbol>
      <symbol id="sm-57b">
         <name>_InitPieVectTable</name>
         <value>0x3f637e</value>
         <object_component_ref idref="oc-16e"/>
      </symbol>
      <symbol id="sm-585">
         <name>_InitScibGpio</name>
         <value>0x3f631c</value>
         <object_component_ref idref="oc-16a"/>
      </symbol>
      <symbol id="sm-586">
         <name>_InitSciaGpio</name>
         <value>0x3f6306</value>
         <object_component_ref idref="oc-16a"/>
      </symbol>
      <symbol id="sm-587">
         <name>_InitSciGpio</name>
         <value>0x3f6301</value>
         <object_component_ref idref="oc-16a"/>
      </symbol>
      <symbol id="sm-588">
         <name>_InitSci</name>
         <value>0x3f6300</value>
         <object_component_ref idref="oc-16a"/>
      </symbol>
      <symbol id="sm-59d">
         <name>_InitPll</name>
         <value>0x3f53bb</value>
         <object_component_ref idref="oc-168"/>
      </symbol>
      <symbol id="sm-59e">
         <name>_IntOsc1Sel</name>
         <value>0x3f54c4</value>
         <object_component_ref idref="oc-168"/>
      </symbol>
      <symbol id="sm-59f">
         <name>_ExtOscSel</name>
         <value>0x3f54fc</value>
         <object_component_ref idref="oc-168"/>
      </symbol>
      <symbol id="sm-5a0">
         <name>_DisableDog</name>
         <value>0x3f53b3</value>
         <object_component_ref idref="oc-168"/>
      </symbol>
      <symbol id="sm-5a1">
         <name>_InitPeripheralClocks</name>
         <value>0x3f543d</value>
         <object_component_ref idref="oc-168"/>
      </symbol>
      <symbol id="sm-5a2">
         <name>_IntOsc2Sel</name>
         <value>0x3f54d4</value>
         <object_component_ref idref="oc-168"/>
      </symbol>
      <symbol id="sm-5a3">
         <name>_CsmUnlock</name>
         <value>0x3f5493</value>
         <object_component_ref idref="oc-168"/>
      </symbol>
      <symbol id="sm-5a4">
         <name>_InitPll2</name>
         <value>0x3f540f</value>
         <object_component_ref idref="oc-168"/>
      </symbol>
      <symbol id="sm-5a5">
         <name>_ServiceDog</name>
         <value>0x3f53a9</value>
         <object_component_ref idref="oc-168"/>
      </symbol>
      <symbol id="sm-5a6">
         <name>_XtalOscSel</name>
         <value>0x3f54e8</value>
         <object_component_ref idref="oc-168"/>
      </symbol>
      <symbol id="sm-5a7">
         <name>_InitSysCtrl</name>
         <value>0x3f538f</value>
         <object_component_ref idref="oc-168"/>
      </symbol>
      <symbol id="sm-5af">
         <name>_DSP28x_usDelay</name>
         <value>0x3f6471</value>
         <object_component_ref idref="oc-116"/>
      </symbol>
      <symbol id="sm-5b7">
         <name>FS$$DIV</name>
         <value>0x3f6418</value>
         <object_component_ref idref="oc-11a"/>
      </symbol>
      <symbol id="sm-5c1">
         <name>I$$MOD</name>
         <value>0x3f63b4</value>
         <object_component_ref idref="oc-11e"/>
      </symbol>
      <symbol id="sm-5c2">
         <name>I$$DIV</name>
         <value>0x3f63a3</value>
         <object_component_ref idref="oc-11e"/>
      </symbol>
      <symbol id="sm-5ca">
         <name>UL$$MOD</name>
         <value>0x3f6350</value>
         <object_component_ref idref="oc-122"/>
      </symbol>
      <symbol id="sm-5cb">
         <name>L$$MOD</name>
         <value>0x3f633b</value>
         <object_component_ref idref="oc-122"/>
      </symbol>
      <symbol id="sm-5cc">
         <name>L$$DIV</name>
         <value>0x3f632c</value>
         <object_component_ref idref="oc-122"/>
      </symbol>
      <symbol id="sm-5cd">
         <name>UL$$DIV</name>
         <value>0x3f6349</value>
         <object_component_ref idref="oc-122"/>
      </symbol>
      <symbol id="sm-5f4">
         <name>ULL$$MOD</name>
         <value>0x3f58a0</value>
         <object_component_ref idref="oc-126"/>
      </symbol>
      <symbol id="sm-5f5">
         <name>ULL$$DIV</name>
         <value>0x3f5871</value>
         <object_component_ref idref="oc-126"/>
      </symbol>
      <symbol id="sm-5f6">
         <name>LL$$MOD</name>
         <value>0x3f5837</value>
         <object_component_ref idref="oc-126"/>
      </symbol>
      <symbol id="sm-5f7">
         <name>LL$$DIV</name>
         <value>0x3f57fb</value>
         <object_component_ref idref="oc-126"/>
      </symbol>
      <symbol id="sm-60d">
         <name>_acos</name>
         <value>0x3f6138</value>
         <object_component_ref idref="oc-164"/>
      </symbol>
      <symbol id="sm-621">
         <name>_c_int00</name>
         <value>0x3f6252</value>
         <object_component_ref idref="oc-12e"/>
      </symbol>
      <symbol id="sm-622">
         <name>__stack</name>
         <value>0x50</value>
         <object_component_ref idref="oc-12f"/>
      </symbol>
      <symbol id="sm-62e">
         <name>__args_main</name>
         <value>0x3f63e6</value>
         <object_component_ref idref="oc-15d"/>
      </symbol>
      <symbol id="sm-62f">
         <name>__TI_args_main</name>
         <value>0x1</value>
      </symbol>
      <symbol id="sm-637">
         <name>_cos</name>
         <value>0x3f6298</value>
         <object_component_ref idref="oc-138"/>
      </symbol>
      <symbol id="sm-63f">
         <name>_FPUcosTableEnd</name>
         <value>0x3fdd62</value>
         <object_component_ref idref="oc-13c"/>
      </symbol>
      <symbol id="sm-640">
         <name>_FPUatan2TableEnd</name>
         <value>0x3fdeec</value>
         <object_component_ref idref="oc-13c"/>
      </symbol>
      <symbol id="sm-641">
         <name>_FPUatan2Table</name>
         <value>0x3fdd66</value>
         <object_component_ref idref="oc-13c"/>
      </symbol>
      <symbol id="sm-642">
         <name>_FPUsinTable</name>
         <value>0x3fd860</value>
         <object_component_ref idref="oc-13c"/>
      </symbol>
      <symbol id="sm-643">
         <name>_FPUcosTable</name>
         <value>0x3fd960</value>
         <object_component_ref idref="oc-13c"/>
      </symbol>
      <symbol id="sm-644">
         <name>_FPUatan2HalfPITable</name>
         <value>0x3fdd62</value>
         <object_component_ref idref="oc-13c"/>
      </symbol>
      <symbol id="sm-645">
         <name>_FPUsinTableEnd</name>
         <value>0x3fdc60</value>
         <object_component_ref idref="oc-13c"/>
      </symbol>
      <symbol id="sm-64f">
         <name>_errno</name>
         <value>0x8fe2</value>
         <object_component_ref idref="oc-13f"/>
      </symbol>
      <symbol id="sm-660">
         <name>C$$EXIT</name>
         <value>0x3f63ff</value>
         <object_component_ref idref="oc-15e"/>
      </symbol>
      <symbol id="sm-661">
         <name>_exit</name>
         <value>0x3f6401</value>
         <object_component_ref idref="oc-15e"/>
      </symbol>
      <symbol id="sm-662">
         <name>___TI_cleanup_ptr</name>
         <value>0x8fdc</value>
         <object_component_ref idref="oc-143"/>
      </symbol>
      <symbol id="sm-663">
         <name>_abort</name>
         <value>0x3f63ff</value>
         <object_component_ref idref="oc-15e"/>
      </symbol>
      <symbol id="sm-664">
         <name>___TI_dtors_ptr</name>
         <value>0x8fde</value>
         <object_component_ref idref="oc-143"/>
      </symbol>
      <symbol id="sm-672">
         <name>__unlock</name>
         <value>0x8fd8</value>
         <object_component_ref idref="oc-149"/>
      </symbol>
      <symbol id="sm-673">
         <name>__lock</name>
         <value>0x8fda</value>
         <object_component_ref idref="oc-149"/>
      </symbol>
      <symbol id="sm-674">
         <name>__register_lock</name>
         <value>0x3f645b</value>
         <object_component_ref idref="oc-15f"/>
      </symbol>
      <symbol id="sm-675">
         <name>__nop</name>
         <value>0x3f645f</value>
         <object_component_ref idref="oc-15f"/>
      </symbol>
      <symbol id="sm-676">
         <name>__register_unlock</name>
         <value>0x3f6457</value>
         <object_component_ref idref="oc-15f"/>
      </symbol>
      <symbol id="sm-67e">
         <name>_sin</name>
         <value>0x3f62cc</value>
         <object_component_ref idref="oc-14d"/>
      </symbol>
      <symbol id="sm-686">
         <name>_sqrt</name>
         <value>0x3f63c5</value>
         <object_component_ref idref="oc-151"/>
      </symbol>
      <symbol id="sm-693">
         <name>_strcat</name>
         <value>0x3f6460</value>
         <object_component_ref idref="oc-172"/>
      </symbol>
   </symbol_table>
   <title>Link successful</title>
</link_info>
