<?xml version="1.0"?>
<link_info>
   <banner>TMS320C2000 Linker PC v6.2.6</banner>
   <copyright>Copyright (c) 1996-2014 Texas Instruments Incorporated</copyright>
   <link_time>0x544a2eb0</link_time>
   <link_errors>0x0</link_errors>
   <output_file>Example_2806xEPwmDeadBand.out</output_file>
   <entry_point>
      <name>code_start</name>
      <address>0x0</address>
   </entry_point>
   <input_file_list>
      <input_file id="fl-4">
         <path>.\TiLibrary\</path>
         <kind>object</kind>
         <file>F2806x_usDelay.obj</file>
         <name>F2806x_usDelay.obj</name>
      </input_file>
      <input_file id="fl-5">
         <path>.\TiLibrary\</path>
         <kind>object</kind>
         <file>F2806x_SysCtrl.obj</file>
         <name>F2806x_SysCtrl.obj</name>
      </input_file>
      <input_file id="fl-6">
         <path>.\TiLibrary\</path>
         <kind>object</kind>
         <file>F2806x_Sci.obj</file>
         <name>F2806x_Sci.obj</name>
      </input_file>
      <input_file id="fl-7">
         <path>.\TiLibrary\</path>
         <kind>object</kind>
         <file>F2806x_PieVect.obj</file>
         <name>F2806x_PieVect.obj</name>
      </input_file>
      <input_file id="fl-8">
         <path>.\TiLibrary\</path>
         <kind>object</kind>
         <file>F2806x_PieCtrl.obj</file>
         <name>F2806x_PieCtrl.obj</name>
      </input_file>
      <input_file id="fl-9">
         <path>.\TiLibrary\</path>
         <kind>object</kind>
         <file>F2806x_I2C.obj</file>
         <name>F2806x_I2C.obj</name>
      </input_file>
      <input_file id="fl-a">
         <path>.\TiLibrary\</path>
         <kind>object</kind>
         <file>F2806x_HRCap.obj</file>
         <name>F2806x_HRCap.obj</name>
      </input_file>
      <input_file id="fl-b">
         <path>.\TiLibrary\</path>
         <kind>object</kind>
         <file>F2806x_Gpio.obj</file>
         <name>F2806x_Gpio.obj</name>
      </input_file>
      <input_file id="fl-c">
         <path>.\TiLibrary\</path>
         <kind>object</kind>
         <file>F2806x_GlobalVariableDefs.obj</file>
         <name>F2806x_GlobalVariableDefs.obj</name>
      </input_file>
      <input_file id="fl-d">
         <path>.\TiLibrary\</path>
         <kind>object</kind>
         <file>F2806x_EPwm.obj</file>
         <name>F2806x_EPwm.obj</name>
      </input_file>
      <input_file id="fl-e">
         <path>.\TiLibrary\</path>
         <kind>object</kind>
         <file>F2806x_ECap.obj</file>
         <name>F2806x_ECap.obj</name>
      </input_file>
      <input_file id="fl-f">
         <path>.\TiLibrary\</path>
         <kind>object</kind>
         <file>F2806x_DefaultIsr.obj</file>
         <name>F2806x_DefaultIsr.obj</name>
      </input_file>
      <input_file id="fl-10">
         <path>.\TiLibrary\</path>
         <kind>object</kind>
         <file>F2806x_CpuTimers.obj</file>
         <name>F2806x_CpuTimers.obj</name>
      </input_file>
      <input_file id="fl-11">
         <path>.\TiLibrary\</path>
         <kind>object</kind>
         <file>F2806x_CodeStartBranch.obj</file>
         <name>F2806x_CodeStartBranch.obj</name>
      </input_file>
      <input_file id="fl-12">
         <path>.\calculate\</path>
         <kind>object</kind>
         <file>num2string.obj</file>
         <name>num2string.obj</name>
      </input_file>
      <input_file id="fl-13">
         <path>.\calculate\</path>
         <kind>object</kind>
         <file>mhc_initDSP.obj</file>
         <name>mhc_initDSP.obj</name>
      </input_file>
      <input_file id="fl-14">
         <path>.\calculate\</path>
         <kind>object</kind>
         <file>mhc_ePWM.obj</file>
         <name>mhc_ePWM.obj</name>
      </input_file>
      <input_file id="fl-15">
         <path>.\calculate\</path>
         <kind>object</kind>
         <file>mhc_eCap.obj</file>
         <name>mhc_eCap.obj</name>
      </input_file>
      <input_file id="fl-16">
         <path>.\calculate\</path>
         <kind>object</kind>
         <file>mhc_doData.obj</file>
         <name>mhc_doData.obj</name>
      </input_file>
      <input_file id="fl-17">
         <path>.\calculate\</path>
         <kind>object</kind>
         <file>mhc_cpuTimer.obj</file>
         <name>mhc_cpuTimer.obj</name>
      </input_file>
      <input_file id="fl-18">
         <path>.\calculate\</path>
         <kind>object</kind>
         <file>mhc_control.obj</file>
         <name>mhc_control.obj</name>
      </input_file>
      <input_file id="fl-19">
         <path>.\calculate\</path>
         <kind>object</kind>
         <file>mhc_SCIB_S_BUS.obj</file>
         <name>mhc_SCIB_S_BUS.obj</name>
      </input_file>
      <input_file id="fl-1a">
         <path>.\calculate\</path>
         <kind>object</kind>
         <file>mhc_SCIA.obj</file>
         <name>mhc_SCIA.obj</name>
      </input_file>
      <input_file id="fl-1b">
         <path>.\calculate\</path>
         <kind>object</kind>
         <file>mhc_I2C.obj</file>
         <name>mhc_I2C.obj</name>
      </input_file>
      <input_file id="fl-1c">
         <path>.\calculate\</path>
         <kind>object</kind>
         <file>mhc_GlobalVariables.obj</file>
         <name>mhc_GlobalVariables.obj</name>
      </input_file>
      <input_file id="fl-1d">
         <path>.\calculate\</path>
         <kind>object</kind>
         <file>main.obj</file>
         <name>main.obj</name>
      </input_file>
      <input_file id="fl-1e">
         <path>.\calculate\</path>
         <kind>object</kind>
         <file>AHRS.obj</file>
         <name>AHRS.obj</name>
      </input_file>
      <input_file id="fl-23">
         <path>D:\ti\controlSUITE\libs\math\FPUfastRTS\V100\lib\</path>
         <kind>archive</kind>
         <file>rts2800_fpu32_fast_supplement.lib</file>
         <name>div_f32.obj</name>
      </input_file>
      <input_file id="fl-24">
         <path>D:\ti\ccs6\ccsv6\tools\compiler\c2000_6.2.6\lib\</path>
         <kind>archive</kind>
         <file>rts2800_fpu32.lib</file>
         <name>i_div.obj</name>
      </input_file>
      <input_file id="fl-25">
         <path>D:\ti\ccs6\ccsv6\tools\compiler\c2000_6.2.6\lib\</path>
         <kind>archive</kind>
         <file>rts2800_fpu32.lib</file>
         <name>l_div.obj</name>
      </input_file>
      <input_file id="fl-26">
         <path>D:\ti\ccs6\ccsv6\tools\compiler\c2000_6.2.6\lib\</path>
         <kind>archive</kind>
         <file>rts2800_fpu32.lib</file>
         <name>ll_div.obj</name>
      </input_file>
      <input_file id="fl-27">
         <path>D:\ti\ccs6\ccsv6\tools\compiler\c2000_6.2.6\lib\</path>
         <kind>archive</kind>
         <file>rts2800_fpu32.lib</file>
         <name>u_div.obj</name>
      </input_file>
      <input_file id="fl-28">
         <path>D:\ti\ccs6\ccsv6\tools\compiler\c2000_6.2.6\lib\</path>
         <kind>archive</kind>
         <file>rts2800_fpu32.lib</file>
         <name>boot.obj</name>
      </input_file>
      <input_file id="fl-29">
         <path>D:\ti\ccs6\ccsv6\tools\compiler\c2000_6.2.6\lib\</path>
         <kind>archive</kind>
         <file>rts2800_fpu32.lib</file>
         <name>args_main.obj</name>
      </input_file>
      <input_file id="fl-2a">
         <path>D:\ti\controlSUITE\libs\math\FPUfastRTS\V100\lib\</path>
         <kind>archive</kind>
         <file>rts2800_fpu32_fast_supplement.lib</file>
         <name>cos_f32.obj</name>
      </input_file>
      <input_file id="fl-2b">
         <path>D:\ti\controlSUITE\libs\math\FPUfastRTS\V100\lib\</path>
         <kind>archive</kind>
         <file>rts2800_fpu32_fast_supplement.lib</file>
         <name>FPUmathTables.obj</name>
      </input_file>
      <input_file id="fl-2c">
         <path>D:\ti\ccs6\ccsv6\tools\compiler\c2000_6.2.6\lib\</path>
         <kind>archive</kind>
         <file>rts2800_fpu32.lib</file>
         <name>exit.obj</name>
      </input_file>
      <input_file id="fl-2d">
         <path>D:\ti\ccs6\ccsv6\tools\compiler\c2000_6.2.6\lib\</path>
         <kind>archive</kind>
         <file>rts2800_fpu32.lib</file>
         <name>_lock.obj</name>
      </input_file>
      <input_file id="fl-2e">
         <path>D:\ti\controlSUITE\libs\math\FPUfastRTS\V100\lib\</path>
         <kind>archive</kind>
         <file>rts2800_fpu32_fast_supplement.lib</file>
         <name>sin_f32.obj</name>
      </input_file>
      <input_file id="fl-2f">
         <path>D:\ti\ccs6\ccsv6\tools\compiler\c2000_6.2.6\lib\</path>
         <kind>archive</kind>
         <file>rts2800_fpu32.lib</file>
         <name>strcat.obj</name>
      </input_file>
   </input_file_list>
   <object_component_list>
      <object_component id="oc-4f">
         <name>codestart</name>
         <load_address>0x0</load_address>
         <run_address>0x0</run_address>
         <size>0x2</size>
         <input_file_ref idref="fl-11"/>
      </object_component>
      <object_component id="oc-b5">
         <name>.text:retain</name>
         <load_address>0x8000</load_address>
         <run_address>0x8000</run_address>
         <size>0x39f</size>
         <input_file_ref idref="fl-f"/>
      </object_component>
      <object_component id="oc-13c">
         <name>.text</name>
         <load_address>0x839f</load_address>
         <run_address>0x839f</run_address>
         <size>0x246</size>
         <input_file_ref idref="fl-13"/>
      </object_component>
      <object_component id="oc-13e">
         <name>.text</name>
         <load_address>0x85e5</load_address>
         <run_address>0x85e5</run_address>
         <size>0x183</size>
         <input_file_ref idref="fl-5"/>
      </object_component>
      <object_component id="oc-13a">
         <name>.text</name>
         <load_address>0x8768</load_address>
         <run_address>0x8768</run_address>
         <size>0x182</size>
         <input_file_ref idref="fl-14"/>
      </object_component>
      <object_component id="oc-10b">
         <name>.text</name>
         <load_address>0x88ea</load_address>
         <run_address>0x88ea</run_address>
         <size>0x107</size>
         <input_file_ref idref="fl-26"/>
      </object_component>
      <object_component id="oc-136">
         <name>.text</name>
         <load_address>0x89f1</load_address>
         <run_address>0x89f1</run_address>
         <size>0x100</size>
         <input_file_ref idref="fl-1b"/>
      </object_component>
      <object_component id="oc-142">
         <name>.text</name>
         <load_address>0x8af1</load_address>
         <run_address>0x8af1</run_address>
         <size>0xd8</size>
         <input_file_ref idref="fl-d"/>
      </object_component>
      <object_component id="oc-146">
         <name>.text</name>
         <load_address>0x8bc9</load_address>
         <run_address>0x8bc9</run_address>
         <size>0xd6</size>
         <input_file_ref idref="fl-19"/>
      </object_component>
      <object_component id="oc-ee">
         <name>.text:retain</name>
         <load_address>0x8c9f</load_address>
         <run_address>0x8c9f</run_address>
         <size>0xaa</size>
         <input_file_ref idref="fl-1b"/>
      </object_component>
      <object_component id="oc-d8">
         <name>.text:retain</name>
         <load_address>0x8d49</load_address>
         <run_address>0x8d49</run_address>
         <size>0x8a</size>
         <input_file_ref idref="fl-17"/>
      </object_component>
      <object_component id="oc-145">
         <name>.text</name>
         <load_address>0x8dd3</load_address>
         <run_address>0x8dd3</run_address>
         <size>0x77</size>
         <input_file_ref idref="fl-10"/>
      </object_component>
      <object_component id="oc-e8">
         <name>.text:retain</name>
         <load_address>0x8e4a</load_address>
         <run_address>0x8e4a</run_address>
         <size>0x77</size>
         <input_file_ref idref="fl-1a"/>
      </object_component>
      <object_component id="oc-13b">
         <name>.text</name>
         <load_address>0x8ec1</load_address>
         <run_address>0x8ec1</run_address>
         <size>0x6e</size>
         <input_file_ref idref="fl-1d"/>
      </object_component>
      <object_component id="oc-cf">
         <name>.text:retain</name>
         <load_address>0x8f2f</load_address>
         <run_address>0x8f2f</run_address>
         <size>0x4d</size>
         <input_file_ref idref="fl-15"/>
      </object_component>
      <object_component id="oc-e1">
         <name>.text:retain</name>
         <load_address>0x8f7c</load_address>
         <run_address>0x8f7c</run_address>
         <size>0x48</size>
         <input_file_ref idref="fl-19"/>
      </object_component>
      <object_component id="oc-13d">
         <name>.text</name>
         <load_address>0x8fc4</load_address>
         <run_address>0x8fc4</run_address>
         <size>0x46</size>
         <input_file_ref idref="fl-1a"/>
      </object_component>
      <object_component id="oc-113">
         <name>.text</name>
         <load_address>0x900a</load_address>
         <run_address>0x900a</run_address>
         <size>0x46</size>
         <input_file_ref idref="fl-28"/>
      </object_component>
      <object_component id="oc-11d">
         <name>.text</name>
         <load_address>0x9050</load_address>
         <run_address>0x9050</run_address>
         <size>0x34</size>
         <input_file_ref idref="fl-2a"/>
      </object_component>
      <object_component id="oc-12e">
         <name>.text</name>
         <load_address>0x9084</load_address>
         <run_address>0x9084</run_address>
         <size>0x34</size>
         <input_file_ref idref="fl-2e"/>
      </object_component>
      <object_component id="oc-140">
         <name>.text</name>
         <load_address>0x90b8</load_address>
         <run_address>0x90b8</run_address>
         <size>0x32</size>
         <input_file_ref idref="fl-e"/>
      </object_component>
      <object_component id="oc-141">
         <name>.text</name>
         <load_address>0x90ea</load_address>
         <run_address>0x90ea</run_address>
         <size>0x2c</size>
         <input_file_ref idref="fl-6"/>
      </object_component>
      <object_component id="oc-107">
         <name>.text</name>
         <load_address>0x9116</load_address>
         <run_address>0x9116</run_address>
         <size>0x2a</size>
         <input_file_ref idref="fl-25"/>
      </object_component>
      <object_component id="oc-143">
         <name>.text</name>
         <load_address>0x9140</load_address>
         <run_address>0x9140</run_address>
         <size>0x28</size>
         <input_file_ref idref="fl-8"/>
      </object_component>
      <object_component id="oc-144">
         <name>.text</name>
         <load_address>0x9168</load_address>
         <run_address>0x9168</run_address>
         <size>0x25</size>
         <input_file_ref idref="fl-7"/>
      </object_component>
      <object_component id="oc-147">
         <name>.text</name>
         <load_address>0x918d</load_address>
         <run_address>0x918d</run_address>
         <size>0x24</size>
         <input_file_ref idref="fl-15"/>
      </object_component>
      <object_component id="oc-103">
         <name>.text</name>
         <load_address>0x91b1</load_address>
         <run_address>0x91b1</run_address>
         <size>0x22</size>
         <input_file_ref idref="fl-24"/>
      </object_component>
      <object_component id="oc-137">
         <name>.text</name>
         <load_address>0x91d3</load_address>
         <run_address>0x91d3</run_address>
         <size>0x19</size>
         <input_file_ref idref="fl-29"/>
      </object_component>
      <object_component id="oc-138">
         <name>.text</name>
         <load_address>0x91ec</load_address>
         <run_address>0x91ec</run_address>
         <size>0x19</size>
         <input_file_ref idref="fl-2c"/>
      </object_component>
      <object_component id="oc-ff">
         <name>.text</name>
         <load_address>0x9205</load_address>
         <run_address>0x9205</run_address>
         <size>0x19</size>
         <input_file_ref idref="fl-23"/>
      </object_component>
      <object_component id="oc-13f">
         <name>.text</name>
         <load_address>0x921e</load_address>
         <run_address>0x921e</run_address>
         <size>0x17</size>
         <input_file_ref idref="fl-9"/>
      </object_component>
      <object_component id="oc-10f">
         <name>.text</name>
         <load_address>0x9235</load_address>
         <run_address>0x9235</run_address>
         <size>0xb</size>
         <input_file_ref idref="fl-27"/>
      </object_component>
      <object_component id="oc-139">
         <name>.text</name>
         <load_address>0x9240</load_address>
         <run_address>0x9240</run_address>
         <size>0x9</size>
         <input_file_ref idref="fl-2d"/>
      </object_component>
      <object_component id="oc-148">
         <name>.text</name>
         <load_address>0x9249</load_address>
         <run_address>0x9249</run_address>
         <size>0x9</size>
         <input_file_ref idref="fl-2f"/>
      </object_component>
      <object_component id="oc-be">
         <name>.text</name>
         <load_address>0x9252</load_address>
         <run_address>0x9252</run_address>
         <size>0x8</size>
         <input_file_ref idref="fl-11"/>
      </object_component>
      <object_component id="oc-50">
         <name>.text</name>
         <load_address>0x925a</load_address>
         <run_address>0x925a</run_address>
         <size>0x4</size>
         <input_file_ref idref="fl-4"/>
      </object_component>
      <object_component id="oc-f3">
         <name>.cinit</name>
         <load_address>0x50</load_address>
         <run_address>0x50</run_address>
         <size>0x24c</size>
         <input_file_ref idref="fl-1c"/>
      </object_component>
      <object_component id="oc-129">
         <name>.cinit</name>
         <load_address>0x29c</load_address>
         <run_address>0x29c</run_address>
         <size>0xa</size>
         <input_file_ref idref="fl-2d"/>
      </object_component>
      <object_component id="oc-123">
         <name>.cinit</name>
         <load_address>0x2a6</load_address>
         <run_address>0x2a6</run_address>
         <size>0xa</size>
         <input_file_ref idref="fl-2c"/>
      </object_component>
      <object_component id="oc-e6">
         <name>.cinit</name>
         <load_address>0x2b0</load_address>
         <run_address>0x2b0</run_address>
         <size>0x4</size>
         <input_file_ref idref="fl-1a"/>
      </object_component>
      <object_component id="oc-115">
         <name>.reset</name>
         <load_address>0x3fffc0</load_address>
         <run_address>0x3fffc0</run_address>
         <size>0x2</size>
         <input_file_ref idref="fl-28"/>
      </object_component>
      <object_component id="oc-114">
         <name>.stack</name>
         <uninitialized>true</uninitialized>
         <run_address>0x400</run_address>
         <size>0x0</size>
         <input_file_ref idref="fl-28"/>
      </object_component>
      <object_component id="oc-19d">
         <name>.stack</name>
         <uninitialized>true</uninitialized>
         <run_address>0x400</run_address>
         <size>0x0</size>
      </object_component>
      <object_component id="oc-ba">
         <name>.ebss</name>
         <uninitialized>true</uninitialized>
         <run_address>0xc340</run_address>
         <size>0x18</size>
         <input_file_ref idref="fl-10"/>
      </object_component>
      <object_component id="oc-e7">
         <name>.ebss</name>
         <uninitialized>true</uninitialized>
         <run_address>0xc360</run_address>
         <size>0x1</size>
         <input_file_ref idref="fl-1a"/>
      </object_component>
      <object_component id="oc-f4">
         <name>.ebss</name>
         <uninitialized>true</uninitialized>
         <run_address>0xc000</run_address>
         <size>0x340</size>
         <input_file_ref idref="fl-1c"/>
      </object_component>
      <object_component id="oc-124">
         <name>.ebss</name>
         <uninitialized>true</uninitialized>
         <run_address>0xc35c</run_address>
         <size>0x4</size>
         <input_file_ref idref="fl-2c"/>
      </object_component>
      <object_component id="oc-12a">
         <name>.ebss</name>
         <uninitialized>true</uninitialized>
         <run_address>0xc358</run_address>
         <size>0x4</size>
         <input_file_ref idref="fl-2d"/>
      </object_component>
      <object_component id="oc-5d">
         <name>.econst</name>
         <load_address>0xc362</load_address>
         <run_address>0xc362</run_address>
         <size>0x100</size>
         <input_file_ref idref="fl-7"/>
      </object_component>
      <object_component id="oc-e9">
         <name>.econst:.string</name>
         <load_address>0xc462</load_address>
         <run_address>0xc462</run_address>
         <size>0x21</size>
         <input_file_ref idref="fl-1a"/>
      </object_component>
      <object_component id="oc-f7">
         <name>.econst:.string</name>
         <load_address>0xc484</load_address>
         <run_address>0xc484</run_address>
         <size>0x14</size>
         <input_file_ref idref="fl-1d"/>
      </object_component>
      <object_component id="oc-121">
         <name>FPUmathTables</name>
         <load_address>0x3fd860</load_address>
         <run_address>0x3fd860</run_address>
         <size>0x6a0</size>
         <input_file_ref idref="fl-2b"/>
      </object_component>
      <object_component id="oc-a8">
         <name>PieVectTableFile</name>
         <uninitialized>true</uninitialized>
         <run_address>0xd00</run_address>
         <size>0x100</size>
         <input_file_ref idref="fl-c"/>
      </object_component>
      <object_component id="oc-73">
         <name>EmuKeyVar</name>
         <uninitialized>true</uninitialized>
         <run_address>0xd00</run_address>
         <size>0x1</size>
         <input_file_ref idref="fl-c"/>
      </object_component>
      <object_component id="oc-74">
         <name>EmuBModeVar</name>
         <uninitialized>true</uninitialized>
         <run_address>0xd01</run_address>
         <size>0x1</size>
         <input_file_ref idref="fl-c"/>
      </object_component>
      <object_component id="oc-75">
         <name>FlashCallbackVar</name>
         <uninitialized>true</uninitialized>
         <run_address>0xd02</run_address>
         <size>0x2</size>
         <input_file_ref idref="fl-c"/>
      </object_component>
      <object_component id="oc-76">
         <name>FlashScalingVar</name>
         <uninitialized>true</uninitialized>
         <run_address>0xd04</run_address>
         <size>0x2</size>
         <input_file_ref idref="fl-c"/>
      </object_component>
      <object_component id="oc-78">
         <name>DevEmuRegsFile</name>
         <uninitialized>true</uninitialized>
         <run_address>0x880</run_address>
         <size>0x4</size>
         <input_file_ref idref="fl-c"/>
      </object_component>
      <object_component id="oc-77">
         <name>SysPwrCtrlRegsFile</name>
         <uninitialized>true</uninitialized>
         <run_address>0x985</run_address>
         <size>0x3</size>
         <input_file_ref idref="fl-c"/>
      </object_component>
      <object_component id="oc-79">
         <name>FlashRegsFile</name>
         <uninitialized>true</uninitialized>
         <run_address>0xa80</run_address>
         <size>0x8</size>
         <input_file_ref idref="fl-c"/>
      </object_component>
      <object_component id="oc-83">
         <name>CsmRegsFile</name>
         <uninitialized>true</uninitialized>
         <run_address>0xae0</run_address>
         <size>0x10</size>
         <input_file_ref idref="fl-c"/>
      </object_component>
      <object_component id="oc-80">
         <name>AdcResultFile</name>
         <uninitialized>true</uninitialized>
         <run_address>0xb00</run_address>
         <size>0x10</size>
         <input_file_ref idref="fl-c"/>
      </object_component>
      <object_component id="oc-7a">
         <name>CpuTimer0RegsFile</name>
         <uninitialized>true</uninitialized>
         <run_address>0xc00</run_address>
         <size>0x8</size>
         <input_file_ref idref="fl-c"/>
      </object_component>
      <object_component id="oc-7d">
         <name>CpuTimer1RegsFile</name>
         <uninitialized>true</uninitialized>
         <run_address>0xc08</run_address>
         <size>0x8</size>
         <input_file_ref idref="fl-c"/>
      </object_component>
      <object_component id="oc-7b">
         <name>CpuTimer2RegsFile</name>
         <uninitialized>true</uninitialized>
         <run_address>0xc10</run_address>
         <size>0x8</size>
         <input_file_ref idref="fl-c"/>
      </object_component>
      <object_component id="oc-89">
         <name>PieCtrlRegsFile</name>
         <uninitialized>true</uninitialized>
         <run_address>0xce0</run_address>
         <size>0x1a</size>
         <input_file_ref idref="fl-c"/>
      </object_component>
      <object_component id="oc-9e">
         <name>Cla1RegsFile</name>
         <uninitialized>true</uninitialized>
         <run_address>0x1400</run_address>
         <size>0x40</size>
         <input_file_ref idref="fl-c"/>
      </object_component>
      <object_component id="oc-a7">
         <name>DmaRegsFile</name>
         <uninitialized>true</uninitialized>
         <run_address>0x1000</run_address>
         <size>0xe0</size>
         <input_file_ref idref="fl-c"/>
      </object_component>
      <object_component id="oc-98">
         <name>ECanaRegsFile</name>
         <uninitialized>true</uninitialized>
         <run_address>0x6000</run_address>
         <size>0x34</size>
         <input_file_ref idref="fl-c"/>
      </object_component>
      <object_component id="oc-9c">
         <name>ECanaLAMRegsFile</name>
         <uninitialized>true</uninitialized>
         <run_address>0x6040</run_address>
         <size>0x40</size>
         <input_file_ref idref="fl-c"/>
      </object_component>
      <object_component id="oc-a9">
         <name>ECanaMboxesFile</name>
         <uninitialized>true</uninitialized>
         <run_address>0x6100</run_address>
         <size>0x100</size>
         <input_file_ref idref="fl-c"/>
      </object_component>
      <object_component id="oc-9d">
         <name>ECanaMOTSRegsFile</name>
         <uninitialized>true</uninitialized>
         <run_address>0x6080</run_address>
         <size>0x40</size>
         <input_file_ref idref="fl-c"/>
      </object_component>
      <object_component id="oc-99">
         <name>ECanaMOTORegsFile</name>
         <uninitialized>true</uninitialized>
         <run_address>0x60c0</run_address>
         <size>0x40</size>
         <input_file_ref idref="fl-c"/>
      </object_component>
      <object_component id="oc-91">
         <name>ECap1RegsFile</name>
         <uninitialized>true</uninitialized>
         <run_address>0x6a00</run_address>
         <size>0x20</size>
         <input_file_ref idref="fl-c"/>
      </object_component>
      <object_component id="oc-90">
         <name>ECap2RegsFile</name>
         <uninitialized>true</uninitialized>
         <run_address>0x6a20</run_address>
         <size>0x20</size>
         <input_file_ref idref="fl-c"/>
      </object_component>
      <object_component id="oc-92">
         <name>ECap3RegsFile</name>
         <uninitialized>true</uninitialized>
         <run_address>0x6a40</run_address>
         <size>0x20</size>
         <input_file_ref idref="fl-c"/>
      </object_component>
      <object_component id="oc-95">
         <name>EQep1RegsFile</name>
         <uninitialized>true</uninitialized>
         <run_address>0x6b00</run_address>
         <size>0x22</size>
         <input_file_ref idref="fl-c"/>
      </object_component>
      <object_component id="oc-93">
         <name>EQep2RegsFile</name>
         <uninitialized>true</uninitialized>
         <run_address>0x6b40</run_address>
         <size>0x22</size>
         <input_file_ref idref="fl-c"/>
      </object_component>
      <object_component id="oc-a1">
         <name>GpioCtrlRegsFile</name>
         <uninitialized>true</uninitialized>
         <run_address>0x6f80</run_address>
         <size>0x40</size>
         <input_file_ref idref="fl-c"/>
      </object_component>
      <object_component id="oc-8b">
         <name>GpioDataRegsFile</name>
         <uninitialized>true</uninitialized>
         <run_address>0x6fc0</run_address>
         <size>0x20</size>
         <input_file_ref idref="fl-c"/>
      </object_component>
      <object_component id="oc-8a">
         <name>GpioIntRegsFile</name>
         <uninitialized>true</uninitialized>
         <run_address>0x6fe0</run_address>
         <size>0x20</size>
         <input_file_ref idref="fl-c"/>
      </object_component>
      <object_component id="oc-8e">
         <name>HRCap1RegsFile</name>
         <uninitialized>true</uninitialized>
         <run_address>0x6ac0</run_address>
         <size>0x20</size>
         <input_file_ref idref="fl-c"/>
      </object_component>
      <object_component id="oc-8f">
         <name>HRCap2RegsFile</name>
         <uninitialized>true</uninitialized>
         <run_address>0x6ae0</run_address>
         <size>0x20</size>
         <input_file_ref idref="fl-c"/>
      </object_component>
      <object_component id="oc-8c">
         <name>HRCap3RegsFile</name>
         <uninitialized>true</uninitialized>
         <run_address>0x6c80</run_address>
         <size>0x20</size>
         <input_file_ref idref="fl-c"/>
      </object_component>
      <object_component id="oc-8d">
         <name>HRCap4RegsFile</name>
         <uninitialized>true</uninitialized>
         <run_address>0x6ca0</run_address>
         <size>0x20</size>
         <input_file_ref idref="fl-c"/>
      </object_component>
      <object_component id="oc-97">
         <name>SysCtrlRegsFile</name>
         <uninitialized>true</uninitialized>
         <run_address>0x7010</run_address>
         <size>0x30</size>
         <input_file_ref idref="fl-c"/>
      </object_component>
      <object_component id="oc-7f">
         <name>SpiaRegsFile</name>
         <uninitialized>true</uninitialized>
         <run_address>0x7040</run_address>
         <size>0x10</size>
         <input_file_ref idref="fl-c"/>
      </object_component>
      <object_component id="oc-84">
         <name>SpibRegsFile</name>
         <uninitialized>true</uninitialized>
         <run_address>0x7740</run_address>
         <size>0x10</size>
         <input_file_ref idref="fl-c"/>
      </object_component>
      <object_component id="oc-81">
         <name>SciaRegsFile</name>
         <uninitialized>true</uninitialized>
         <run_address>0x7050</run_address>
         <size>0x10</size>
         <input_file_ref idref="fl-c"/>
      </object_component>
      <object_component id="oc-7e">
         <name>ScibRegsFile</name>
         <uninitialized>true</uninitialized>
         <run_address>0x7750</run_address>
         <size>0x10</size>
         <input_file_ref idref="fl-c"/>
      </object_component>
      <object_component id="oc-82">
         <name>NmiIntruptRegsFile</name>
         <uninitialized>true</uninitialized>
         <run_address>0x7060</run_address>
         <size>0x10</size>
         <input_file_ref idref="fl-c"/>
      </object_component>
      <object_component id="oc-85">
         <name>XIntruptRegsFile</name>
         <uninitialized>true</uninitialized>
         <run_address>0x7070</run_address>
         <size>0x10</size>
         <input_file_ref idref="fl-c"/>
      </object_component>
      <object_component id="oc-a6">
         <name>AdcRegsFile</name>
         <uninitialized>true</uninitialized>
         <run_address>0x7100</run_address>
         <size>0x50</size>
         <input_file_ref idref="fl-c"/>
      </object_component>
      <object_component id="oc-94">
         <name>I2caRegsFile</name>
         <uninitialized>true</uninitialized>
         <run_address>0x7900</run_address>
         <size>0x22</size>
         <input_file_ref idref="fl-c"/>
      </object_component>
      <object_component id="oc-87">
         <name>Comp1RegsFile</name>
         <uninitialized>true</uninitialized>
         <run_address>0x6400</run_address>
         <size>0x14</size>
         <input_file_ref idref="fl-c"/>
      </object_component>
      <object_component id="oc-86">
         <name>Comp2RegsFile</name>
         <uninitialized>true</uninitialized>
         <run_address>0x6420</run_address>
         <size>0x14</size>
         <input_file_ref idref="fl-c"/>
      </object_component>
      <object_component id="oc-88">
         <name>Comp3RegsFile</name>
         <uninitialized>true</uninitialized>
         <run_address>0x6440</run_address>
         <size>0x14</size>
         <input_file_ref idref="fl-c"/>
      </object_component>
      <object_component id="oc-9b">
         <name>EPwm1RegsFile</name>
         <uninitialized>true</uninitialized>
         <run_address>0x6800</run_address>
         <size>0x40</size>
         <input_file_ref idref="fl-c"/>
      </object_component>
      <object_component id="oc-9a">
         <name>EPwm2RegsFile</name>
         <uninitialized>true</uninitialized>
         <run_address>0x6840</run_address>
         <size>0x40</size>
         <input_file_ref idref="fl-c"/>
      </object_component>
      <object_component id="oc-a5">
         <name>EPwm3RegsFile</name>
         <uninitialized>true</uninitialized>
         <run_address>0x6880</run_address>
         <size>0x40</size>
         <input_file_ref idref="fl-c"/>
      </object_component>
      <object_component id="oc-a3">
         <name>EPwm4RegsFile</name>
         <uninitialized>true</uninitialized>
         <run_address>0x68c0</run_address>
         <size>0x40</size>
         <input_file_ref idref="fl-c"/>
      </object_component>
      <object_component id="oc-a4">
         <name>EPwm5RegsFile</name>
         <uninitialized>true</uninitialized>
         <run_address>0x6900</run_address>
         <size>0x40</size>
         <input_file_ref idref="fl-c"/>
      </object_component>
      <object_component id="oc-a0">
         <name>EPwm6RegsFile</name>
         <uninitialized>true</uninitialized>
         <run_address>0x6940</run_address>
         <size>0x40</size>
         <input_file_ref idref="fl-c"/>
      </object_component>
      <object_component id="oc-9f">
         <name>EPwm7RegsFile</name>
         <uninitialized>true</uninitialized>
         <run_address>0x6980</run_address>
         <size>0x40</size>
         <input_file_ref idref="fl-c"/>
      </object_component>
      <object_component id="oc-a2">
         <name>EPwm8RegsFile</name>
         <uninitialized>true</uninitialized>
         <run_address>0x69c0</run_address>
         <size>0x40</size>
         <input_file_ref idref="fl-c"/>
      </object_component>
      <object_component id="oc-96">
         <name>McbspaRegsFile</name>
         <uninitialized>true</uninitialized>
         <run_address>0x5000</run_address>
         <size>0x24</size>
         <input_file_ref idref="fl-c"/>
      </object_component>
      <object_component id="oc-aa">
         <name>Usb0RegsFile</name>
         <uninitialized>true</uninitialized>
         <run_address>0x4000</run_address>
         <size>0x454</size>
         <input_file_ref idref="fl-c"/>
      </object_component>
      <object_component id="oc-7c">
         <name>CsmPwlFile</name>
         <uninitialized>true</uninitialized>
         <run_address>0x3f7ff8</run_address>
         <size>0x8</size>
         <input_file_ref idref="fl-c"/>
      </object_component>
      <object_component id="oc-72">
         <name>PartIdRegsFile</name>
         <uninitialized>true</uninitialized>
         <run_address>0x3d7e80</run_address>
         <size>0x1</size>
         <input_file_ref idref="fl-c"/>
      </object_component>
      <object_component id="oc-51">
         <name>.debug_info</name>
         <load_address>0x0</load_address>
         <run_address>0x0</run_address>
         <size>0xe3</size>
         <input_file_ref idref="fl-4"/>
      </object_component>
      <object_component id="oc-54">
         <name>.debug_info</name>
         <load_address>0xe3</load_address>
         <run_address>0xe3</run_address>
         <size>0x2850</size>
         <input_file_ref idref="fl-5"/>
      </object_component>
      <object_component id="oc-58">
         <name>.debug_info</name>
         <load_address>0x2933</load_address>
         <run_address>0x2933</run_address>
         <size>0x19da</size>
         <input_file_ref idref="fl-6"/>
      </object_component>
      <object_component id="oc-5c">
         <name>.debug_info</name>
         <load_address>0x430d</load_address>
         <run_address>0x430d</run_address>
         <size>0x2459</size>
         <input_file_ref idref="fl-7"/>
      </object_component>
      <object_component id="oc-61">
         <name>.debug_info</name>
         <load_address>0x6766</load_address>
         <run_address>0x6766</run_address>
         <size>0xb37</size>
         <input_file_ref idref="fl-8"/>
      </object_component>
      <object_component id="oc-65">
         <name>.debug_info</name>
         <load_address>0x729d</load_address>
         <run_address>0x729d</run_address>
         <size>0x18e8</size>
         <input_file_ref idref="fl-9"/>
      </object_component>
      <object_component id="oc-69">
         <name>.debug_info</name>
         <load_address>0x8b85</load_address>
         <run_address>0x8b85</run_address>
         <size>0x182c</size>
         <input_file_ref idref="fl-a"/>
      </object_component>
      <object_component id="oc-6d">
         <name>.debug_info</name>
         <load_address>0xa3b1</load_address>
         <run_address>0xa3b1</run_address>
         <size>0x182b</size>
         <input_file_ref idref="fl-b"/>
      </object_component>
      <object_component id="oc-71">
         <name>.debug_info</name>
         <load_address>0xbbdc</load_address>
         <run_address>0xbbdc</run_address>
         <size>0x1a741</size>
         <input_file_ref idref="fl-c"/>
      </object_component>
      <object_component id="oc-ac">
         <name>.debug_info</name>
         <load_address>0x2631d</load_address>
         <run_address>0x2631d</run_address>
         <size>0x1db8</size>
         <input_file_ref idref="fl-d"/>
      </object_component>
      <object_component id="oc-b0">
         <name>.debug_info</name>
         <load_address>0x280d5</load_address>
         <run_address>0x280d5</run_address>
         <size>0x1a6b</size>
         <input_file_ref idref="fl-e"/>
      </object_component>
      <object_component id="oc-b4">
         <name>.debug_info</name>
         <load_address>0x29b40</load_address>
         <run_address>0x29b40</run_address>
         <size>0x2ad6</size>
         <input_file_ref idref="fl-f"/>
      </object_component>
      <object_component id="oc-b9">
         <name>.debug_info</name>
         <load_address>0x2c616</load_address>
         <run_address>0x2c616</run_address>
         <size>0x991</size>
         <input_file_ref idref="fl-10"/>
      </object_component>
      <object_component id="oc-bf">
         <name>.debug_info</name>
         <load_address>0x2cfa7</load_address>
         <run_address>0x2cfa7</run_address>
         <size>0x128</size>
         <input_file_ref idref="fl-11"/>
      </object_component>
      <object_component id="oc-c2">
         <name>.debug_info</name>
         <load_address>0x2d0cf</load_address>
         <run_address>0x2d0cf</run_address>
         <size>0x3df</size>
         <input_file_ref idref="fl-12"/>
      </object_component>
      <object_component id="oc-c6">
         <name>.debug_info</name>
         <load_address>0x2d4ae</load_address>
         <run_address>0x2d4ae</run_address>
         <size>0x5681</size>
         <input_file_ref idref="fl-13"/>
      </object_component>
      <object_component id="oc-ca">
         <name>.debug_info</name>
         <load_address>0x32b2f</load_address>
         <run_address>0x32b2f</run_address>
         <size>0x2584</size>
         <input_file_ref idref="fl-14"/>
      </object_component>
      <object_component id="oc-ce">
         <name>.debug_info</name>
         <load_address>0x350b3</load_address>
         <run_address>0x350b3</run_address>
         <size>0x1219</size>
         <input_file_ref idref="fl-15"/>
      </object_component>
      <object_component id="oc-d3">
         <name>.debug_info</name>
         <load_address>0x362cc</load_address>
         <run_address>0x362cc</run_address>
         <size>0x7af</size>
         <input_file_ref idref="fl-16"/>
      </object_component>
      <object_component id="oc-d7">
         <name>.debug_info</name>
         <load_address>0x36a7b</load_address>
         <run_address>0x36a7b</run_address>
         <size>0xc70</size>
         <input_file_ref idref="fl-17"/>
      </object_component>
      <object_component id="oc-dc">
         <name>.debug_info</name>
         <load_address>0x376eb</load_address>
         <run_address>0x376eb</run_address>
         <size>0x85c</size>
         <input_file_ref idref="fl-18"/>
      </object_component>
      <object_component id="oc-e0">
         <name>.debug_info</name>
         <load_address>0x37f47</load_address>
         <run_address>0x37f47</run_address>
         <size>0x1952</size>
         <input_file_ref idref="fl-19"/>
      </object_component>
      <object_component id="oc-e5">
         <name>.debug_info</name>
         <load_address>0x39899</load_address>
         <run_address>0x39899</run_address>
         <size>0x1859</size>
         <input_file_ref idref="fl-1a"/>
      </object_component>
      <object_component id="oc-ed">
         <name>.debug_info</name>
         <load_address>0x3b0f2</load_address>
         <run_address>0x3b0f2</run_address>
         <size>0x1990</size>
         <input_file_ref idref="fl-1b"/>
      </object_component>
      <object_component id="oc-f2">
         <name>.debug_info</name>
         <load_address>0x3ca82</load_address>
         <run_address>0x3ca82</run_address>
         <size>0x14f9</size>
         <input_file_ref idref="fl-1c"/>
      </object_component>
      <object_component id="oc-f6">
         <name>.debug_info</name>
         <load_address>0x3df7b</load_address>
         <run_address>0x3df7b</run_address>
         <size>0x1987</size>
         <input_file_ref idref="fl-1d"/>
      </object_component>
      <object_component id="oc-fb">
         <name>.debug_info</name>
         <load_address>0x3f902</load_address>
         <run_address>0x3f902</run_address>
         <size>0x576</size>
         <input_file_ref idref="fl-1e"/>
      </object_component>
      <object_component id="oc-100">
         <name>.debug_info</name>
         <load_address>0x3fe78</load_address>
         <run_address>0x3fe78</run_address>
         <size>0x142</size>
         <input_file_ref idref="fl-23"/>
      </object_component>
      <object_component id="oc-104">
         <name>.debug_info</name>
         <load_address>0x3ffba</load_address>
         <run_address>0x3ffba</run_address>
         <size>0xeb</size>
         <input_file_ref idref="fl-24"/>
      </object_component>
      <object_component id="oc-108">
         <name>.debug_info</name>
         <load_address>0x400a5</load_address>
         <run_address>0x400a5</run_address>
         <size>0x14b</size>
         <input_file_ref idref="fl-25"/>
      </object_component>
      <object_component id="oc-10c">
         <name>.debug_info</name>
         <load_address>0x401f0</load_address>
         <run_address>0x401f0</run_address>
         <size>0x1c1</size>
         <input_file_ref idref="fl-26"/>
      </object_component>
      <object_component id="oc-110">
         <name>.debug_info</name>
         <load_address>0x403b1</load_address>
         <run_address>0x403b1</run_address>
         <size>0xeb</size>
         <input_file_ref idref="fl-27"/>
      </object_component>
      <object_component id="oc-116">
         <name>.debug_info</name>
         <load_address>0x4049c</load_address>
         <run_address>0x4049c</run_address>
         <size>0xde</size>
         <input_file_ref idref="fl-28"/>
      </object_component>
      <object_component id="oc-119">
         <name>.debug_info</name>
         <load_address>0x4057a</load_address>
         <run_address>0x4057a</run_address>
         <size>0x46f</size>
         <input_file_ref idref="fl-29"/>
      </object_component>
      <object_component id="oc-11e">
         <name>.debug_info</name>
         <load_address>0x409e9</load_address>
         <run_address>0x409e9</run_address>
         <size>0x142</size>
         <input_file_ref idref="fl-2a"/>
      </object_component>
      <object_component id="oc-122">
         <name>.debug_info</name>
         <load_address>0x40b2b</load_address>
         <run_address>0x40b2b</run_address>
         <size>0x488</size>
         <input_file_ref idref="fl-2c"/>
      </object_component>
      <object_component id="oc-128">
         <name>.debug_info</name>
         <load_address>0x40fb3</load_address>
         <run_address>0x40fb3</run_address>
         <size>0x4ae</size>
         <input_file_ref idref="fl-2d"/>
      </object_component>
      <object_component id="oc-12f">
         <name>.debug_info</name>
         <load_address>0x41461</load_address>
         <run_address>0x41461</run_address>
         <size>0x142</size>
         <input_file_ref idref="fl-2e"/>
      </object_component>
      <object_component id="oc-132">
         <name>.debug_info</name>
         <load_address>0x415a3</load_address>
         <run_address>0x415a3</run_address>
         <size>0x453</size>
         <input_file_ref idref="fl-2f"/>
      </object_component>
      <object_component id="oc-19e">
         <name>.debug_info</name>
         <load_address>0x419f6</load_address>
         <run_address>0x419f6</run_address>
         <size>0x6f</size>
      </object_component>
      <object_component id="oc-52">
         <name>.debug_line</name>
         <load_address>0x0</load_address>
         <run_address>0x0</run_address>
         <size>0x4d</size>
         <input_file_ref idref="fl-4"/>
      </object_component>
      <object_component id="oc-56">
         <name>.debug_line</name>
         <load_address>0x4d</load_address>
         <run_address>0x4d</run_address>
         <size>0x204</size>
         <input_file_ref idref="fl-5"/>
      </object_component>
      <object_component id="oc-5a">
         <name>.debug_line</name>
         <load_address>0x251</load_address>
         <run_address>0x251</run_address>
         <size>0xa6</size>
         <input_file_ref idref="fl-6"/>
      </object_component>
      <object_component id="oc-5f">
         <name>.debug_line</name>
         <load_address>0x2f7</load_address>
         <run_address>0x2f7</run_address>
         <size>0x6f</size>
         <input_file_ref idref="fl-7"/>
      </object_component>
      <object_component id="oc-63">
         <name>.debug_line</name>
         <load_address>0x366</load_address>
         <run_address>0x366</run_address>
         <size>0x8a</size>
         <input_file_ref idref="fl-8"/>
      </object_component>
      <object_component id="oc-67">
         <name>.debug_line</name>
         <load_address>0x3f0</load_address>
         <run_address>0x3f0</run_address>
         <size>0x71</size>
         <input_file_ref idref="fl-9"/>
      </object_component>
      <object_component id="oc-6b">
         <name>.debug_line</name>
         <load_address>0x461</load_address>
         <run_address>0x461</run_address>
         <size>0x39</size>
         <input_file_ref idref="fl-a"/>
      </object_component>
      <object_component id="oc-6f">
         <name>.debug_line</name>
         <load_address>0x49a</load_address>
         <run_address>0x49a</run_address>
         <size>0x38</size>
         <input_file_ref idref="fl-b"/>
      </object_component>
      <object_component id="oc-ae">
         <name>.debug_line</name>
         <load_address>0x4d2</load_address>
         <run_address>0x4d2</run_address>
         <size>0x1a6</size>
         <input_file_ref idref="fl-d"/>
      </object_component>
      <object_component id="oc-b2">
         <name>.debug_line</name>
         <load_address>0x678</load_address>
         <run_address>0x678</run_address>
         <size>0xc3</size>
         <input_file_ref idref="fl-e"/>
      </object_component>
      <object_component id="oc-b7">
         <name>.debug_line</name>
         <load_address>0x73b</load_address>
         <run_address>0x73b</run_address>
         <size>0x931</size>
         <input_file_ref idref="fl-f"/>
      </object_component>
      <object_component id="oc-bc">
         <name>.debug_line</name>
         <load_address>0x106c</load_address>
         <run_address>0x106c</run_address>
         <size>0x8a</size>
         <input_file_ref idref="fl-10"/>
      </object_component>
      <object_component id="oc-c0">
         <name>.debug_line</name>
         <load_address>0x10f6</load_address>
         <run_address>0x10f6</run_address>
         <size>0x66</size>
         <input_file_ref idref="fl-11"/>
      </object_component>
      <object_component id="oc-c4">
         <name>.debug_line</name>
         <load_address>0x115c</load_address>
         <run_address>0x115c</run_address>
         <size>0x37</size>
         <input_file_ref idref="fl-12"/>
      </object_component>
      <object_component id="oc-c8">
         <name>.debug_line</name>
         <load_address>0x1193</load_address>
         <run_address>0x1193</run_address>
         <size>0x196</size>
         <input_file_ref idref="fl-13"/>
      </object_component>
      <object_component id="oc-cc">
         <name>.debug_line</name>
         <load_address>0x1329</load_address>
         <run_address>0x1329</run_address>
         <size>0x13f</size>
         <input_file_ref idref="fl-14"/>
      </object_component>
      <object_component id="oc-d1">
         <name>.debug_line</name>
         <load_address>0x1468</load_address>
         <run_address>0x1468</run_address>
         <size>0x83</size>
         <input_file_ref idref="fl-15"/>
      </object_component>
      <object_component id="oc-d5">
         <name>.debug_line</name>
         <load_address>0x14eb</load_address>
         <run_address>0x14eb</run_address>
         <size>0x37</size>
         <input_file_ref idref="fl-16"/>
      </object_component>
      <object_component id="oc-da">
         <name>.debug_line</name>
         <load_address>0x1522</load_address>
         <run_address>0x1522</run_address>
         <size>0x8e</size>
         <input_file_ref idref="fl-17"/>
      </object_component>
      <object_component id="oc-de">
         <name>.debug_line</name>
         <load_address>0x15b0</load_address>
         <run_address>0x15b0</run_address>
         <size>0x38</size>
         <input_file_ref idref="fl-18"/>
      </object_component>
      <object_component id="oc-e3">
         <name>.debug_line</name>
         <load_address>0x15e8</load_address>
         <run_address>0x15e8</run_address>
         <size>0x11e</size>
         <input_file_ref idref="fl-19"/>
      </object_component>
      <object_component id="oc-eb">
         <name>.debug_line</name>
         <load_address>0x1706</load_address>
         <run_address>0x1706</run_address>
         <size>0x101</size>
         <input_file_ref idref="fl-1a"/>
      </object_component>
      <object_component id="oc-f0">
         <name>.debug_line</name>
         <load_address>0x1807</load_address>
         <run_address>0x1807</run_address>
         <size>0x1f2</size>
         <input_file_ref idref="fl-1b"/>
      </object_component>
      <object_component id="oc-f9">
         <name>.debug_line</name>
         <load_address>0x19f9</load_address>
         <run_address>0x19f9</run_address>
         <size>0x84</size>
         <input_file_ref idref="fl-1d"/>
      </object_component>
      <object_component id="oc-fd">
         <name>.debug_line</name>
         <load_address>0x1a7d</load_address>
         <run_address>0x1a7d</run_address>
         <size>0x31</size>
         <input_file_ref idref="fl-1e"/>
      </object_component>
      <object_component id="oc-101">
         <name>.debug_line</name>
         <load_address>0x1aae</load_address>
         <run_address>0x1aae</run_address>
         <size>0x7a</size>
         <input_file_ref idref="fl-23"/>
      </object_component>
      <object_component id="oc-105">
         <name>.debug_line</name>
         <load_address>0x1b28</load_address>
         <run_address>0x1b28</run_address>
         <size>0x66</size>
         <input_file_ref idref="fl-24"/>
      </object_component>
      <object_component id="oc-109">
         <name>.debug_line</name>
         <load_address>0x1b8e</load_address>
         <run_address>0x1b8e</run_address>
         <size>0x8b</size>
         <input_file_ref idref="fl-25"/>
      </object_component>
      <object_component id="oc-10d">
         <name>.debug_line</name>
         <load_address>0x1c19</load_address>
         <run_address>0x1c19</run_address>
         <size>0x168</size>
         <input_file_ref idref="fl-26"/>
      </object_component>
      <object_component id="oc-111">
         <name>.debug_line</name>
         <load_address>0x1d81</load_address>
         <run_address>0x1d81</run_address>
         <size>0x4c</size>
         <input_file_ref idref="fl-27"/>
      </object_component>
      <object_component id="oc-117">
         <name>.debug_line</name>
         <load_address>0x1dcd</load_address>
         <run_address>0x1dcd</run_address>
         <size>0x71</size>
         <input_file_ref idref="fl-28"/>
      </object_component>
      <object_component id="oc-11b">
         <name>.debug_line</name>
         <load_address>0x1e3e</load_address>
         <run_address>0x1e3e</run_address>
         <size>0x50</size>
         <input_file_ref idref="fl-29"/>
      </object_component>
      <object_component id="oc-11f">
         <name>.debug_line</name>
         <load_address>0x1e8e</load_address>
         <run_address>0x1e8e</run_address>
         <size>0x88</size>
         <input_file_ref idref="fl-2a"/>
      </object_component>
      <object_component id="oc-126">
         <name>.debug_line</name>
         <load_address>0x1f16</load_address>
         <run_address>0x1f16</run_address>
         <size>0x62</size>
         <input_file_ref idref="fl-2c"/>
      </object_component>
      <object_component id="oc-12c">
         <name>.debug_line</name>
         <load_address>0x1f78</load_address>
         <run_address>0x1f78</run_address>
         <size>0x5b</size>
         <input_file_ref idref="fl-2d"/>
      </object_component>
      <object_component id="oc-130">
         <name>.debug_line</name>
         <load_address>0x1fd3</load_address>
         <run_address>0x1fd3</run_address>
         <size>0x88</size>
         <input_file_ref idref="fl-2e"/>
      </object_component>
      <object_component id="oc-134">
         <name>.debug_line</name>
         <load_address>0x205b</load_address>
         <run_address>0x205b</run_address>
         <size>0x5d</size>
         <input_file_ref idref="fl-2f"/>
      </object_component>
      <object_component id="oc-53">
         <name>.debug_abbrev</name>
         <load_address>0x0</load_address>
         <run_address>0x0</run_address>
         <size>0x2c</size>
         <input_file_ref idref="fl-4"/>
      </object_component>
      <object_component id="oc-57">
         <name>.debug_abbrev</name>
         <load_address>0x2c</load_address>
         <run_address>0x2c</run_address>
         <size>0x18c</size>
         <input_file_ref idref="fl-5"/>
      </object_component>
      <object_component id="oc-5b">
         <name>.debug_abbrev</name>
         <load_address>0x1b8</load_address>
         <run_address>0x1b8</run_address>
         <size>0xdb</size>
         <input_file_ref idref="fl-6"/>
      </object_component>
      <object_component id="oc-60">
         <name>.debug_abbrev</name>
         <load_address>0x293</load_address>
         <run_address>0x293</run_address>
         <size>0x107</size>
         <input_file_ref idref="fl-7"/>
      </object_component>
      <object_component id="oc-64">
         <name>.debug_abbrev</name>
         <load_address>0x39a</load_address>
         <run_address>0x39a</run_address>
         <size>0xbb</size>
         <input_file_ref idref="fl-8"/>
      </object_component>
      <object_component id="oc-68">
         <name>.debug_abbrev</name>
         <load_address>0x455</load_address>
         <run_address>0x455</run_address>
         <size>0xcd</size>
         <input_file_ref idref="fl-9"/>
      </object_component>
      <object_component id="oc-6c">
         <name>.debug_abbrev</name>
         <load_address>0x522</load_address>
         <run_address>0x522</run_address>
         <size>0xdb</size>
         <input_file_ref idref="fl-a"/>
      </object_component>
      <object_component id="oc-70">
         <name>.debug_abbrev</name>
         <load_address>0x5fd</load_address>
         <run_address>0x5fd</run_address>
         <size>0xcd</size>
         <input_file_ref idref="fl-b"/>
      </object_component>
      <object_component id="oc-ab">
         <name>.debug_abbrev</name>
         <load_address>0x6ca</load_address>
         <run_address>0x6ca</run_address>
         <size>0xbe</size>
         <input_file_ref idref="fl-c"/>
      </object_component>
      <object_component id="oc-af">
         <name>.debug_abbrev</name>
         <load_address>0x788</load_address>
         <run_address>0x788</run_address>
         <size>0x125</size>
         <input_file_ref idref="fl-d"/>
      </object_component>
      <object_component id="oc-b3">
         <name>.debug_abbrev</name>
         <load_address>0x8ad</load_address>
         <run_address>0x8ad</run_address>
         <size>0xdb</size>
         <input_file_ref idref="fl-e"/>
      </object_component>
      <object_component id="oc-b8">
         <name>.debug_abbrev</name>
         <load_address>0x988</load_address>
         <run_address>0x988</run_address>
         <size>0xd5</size>
         <input_file_ref idref="fl-f"/>
      </object_component>
      <object_component id="oc-bd">
         <name>.debug_abbrev</name>
         <load_address>0xa5d</load_address>
         <run_address>0xa5d</run_address>
         <size>0xf0</size>
         <input_file_ref idref="fl-10"/>
      </object_component>
      <object_component id="oc-c1">
         <name>.debug_abbrev</name>
         <load_address>0xb4d</load_address>
         <run_address>0xb4d</run_address>
         <size>0x20</size>
         <input_file_ref idref="fl-11"/>
      </object_component>
      <object_component id="oc-c5">
         <name>.debug_abbrev</name>
         <load_address>0xb6d</load_address>
         <run_address>0xb6d</run_address>
         <size>0xf6</size>
         <input_file_ref idref="fl-12"/>
      </object_component>
      <object_component id="oc-c9">
         <name>.debug_abbrev</name>
         <load_address>0xc63</load_address>
         <run_address>0xc63</run_address>
         <size>0x176</size>
         <input_file_ref idref="fl-13"/>
      </object_component>
      <object_component id="oc-cd">
         <name>.debug_abbrev</name>
         <load_address>0xdd9</load_address>
         <run_address>0xdd9</run_address>
         <size>0xe9</size>
         <input_file_ref idref="fl-14"/>
      </object_component>
      <object_component id="oc-d2">
         <name>.debug_abbrev</name>
         <load_address>0xec2</load_address>
         <run_address>0xec2</run_address>
         <size>0x103</size>
         <input_file_ref idref="fl-15"/>
      </object_component>
      <object_component id="oc-d6">
         <name>.debug_abbrev</name>
         <load_address>0xfc5</load_address>
         <run_address>0xfc5</run_address>
         <size>0x11d</size>
         <input_file_ref idref="fl-16"/>
      </object_component>
      <object_component id="oc-db">
         <name>.debug_abbrev</name>
         <load_address>0x10e2</load_address>
         <run_address>0x10e2</run_address>
         <size>0xec</size>
         <input_file_ref idref="fl-17"/>
      </object_component>
      <object_component id="oc-df">
         <name>.debug_abbrev</name>
         <load_address>0x11ce</load_address>
         <run_address>0x11ce</run_address>
         <size>0xea</size>
         <input_file_ref idref="fl-18"/>
      </object_component>
      <object_component id="oc-e4">
         <name>.debug_abbrev</name>
         <load_address>0x12b8</load_address>
         <run_address>0x12b8</run_address>
         <size>0x11a</size>
         <input_file_ref idref="fl-19"/>
      </object_component>
      <object_component id="oc-ec">
         <name>.debug_abbrev</name>
         <load_address>0x13d2</load_address>
         <run_address>0x13d2</run_address>
         <size>0x156</size>
         <input_file_ref idref="fl-1a"/>
      </object_component>
      <object_component id="oc-f1">
         <name>.debug_abbrev</name>
         <load_address>0x1528</load_address>
         <run_address>0x1528</run_address>
         <size>0x15b</size>
         <input_file_ref idref="fl-1b"/>
      </object_component>
      <object_component id="oc-f5">
         <name>.debug_abbrev</name>
         <load_address>0x1683</load_address>
         <run_address>0x1683</run_address>
         <size>0x84</size>
         <input_file_ref idref="fl-1c"/>
      </object_component>
      <object_component id="oc-fa">
         <name>.debug_abbrev</name>
         <load_address>0x1707</load_address>
         <run_address>0x1707</run_address>
         <size>0xfb</size>
         <input_file_ref idref="fl-1d"/>
      </object_component>
      <object_component id="oc-fe">
         <name>.debug_abbrev</name>
         <load_address>0x1802</load_address>
         <run_address>0x1802</run_address>
         <size>0x11d</size>
         <input_file_ref idref="fl-1e"/>
      </object_component>
      <object_component id="oc-102">
         <name>.debug_abbrev</name>
         <load_address>0x191f</load_address>
         <run_address>0x191f</run_address>
         <size>0x2c</size>
         <input_file_ref idref="fl-23"/>
      </object_component>
      <object_component id="oc-106">
         <name>.debug_abbrev</name>
         <load_address>0x194b</load_address>
         <run_address>0x194b</run_address>
         <size>0x35</size>
         <input_file_ref idref="fl-24"/>
      </object_component>
      <object_component id="oc-10a">
         <name>.debug_abbrev</name>
         <load_address>0x1980</load_address>
         <run_address>0x1980</run_address>
         <size>0x35</size>
         <input_file_ref idref="fl-25"/>
      </object_component>
      <object_component id="oc-10e">
         <name>.debug_abbrev</name>
         <load_address>0x19b5</load_address>
         <run_address>0x19b5</run_address>
         <size>0x59</size>
         <input_file_ref idref="fl-26"/>
      </object_component>
      <object_component id="oc-112">
         <name>.debug_abbrev</name>
         <load_address>0x1a0e</load_address>
         <run_address>0x1a0e</run_address>
         <size>0x35</size>
         <input_file_ref idref="fl-27"/>
      </object_component>
      <object_component id="oc-118">
         <name>.debug_abbrev</name>
         <load_address>0x1a43</load_address>
         <run_address>0x1a43</run_address>
         <size>0x43</size>
         <input_file_ref idref="fl-28"/>
      </object_component>
      <object_component id="oc-11c">
         <name>.debug_abbrev</name>
         <load_address>0x1a86</load_address>
         <run_address>0x1a86</run_address>
         <size>0xed</size>
         <input_file_ref idref="fl-29"/>
      </object_component>
      <object_component id="oc-120">
         <name>.debug_abbrev</name>
         <load_address>0x1b73</load_address>
         <run_address>0x1b73</run_address>
         <size>0x2c</size>
         <input_file_ref idref="fl-2a"/>
      </object_component>
      <object_component id="oc-127">
         <name>.debug_abbrev</name>
         <load_address>0x1b9f</load_address>
         <run_address>0x1b9f</run_address>
         <size>0x10c</size>
         <input_file_ref idref="fl-2c"/>
      </object_component>
      <object_component id="oc-12d">
         <name>.debug_abbrev</name>
         <load_address>0x1cab</load_address>
         <run_address>0x1cab</run_address>
         <size>0xa9</size>
         <input_file_ref idref="fl-2d"/>
      </object_component>
      <object_component id="oc-131">
         <name>.debug_abbrev</name>
         <load_address>0x1d54</load_address>
         <run_address>0x1d54</run_address>
         <size>0x2c</size>
         <input_file_ref idref="fl-2e"/>
      </object_component>
      <object_component id="oc-135">
         <name>.debug_abbrev</name>
         <load_address>0x1d80</load_address>
         <run_address>0x1d80</run_address>
         <size>0x94</size>
         <input_file_ref idref="fl-2f"/>
      </object_component>
      <object_component id="oc-19f">
         <name>.debug_abbrev</name>
         <load_address>0x1e14</load_address>
         <run_address>0x1e14</run_address>
         <size>0xd</size>
      </object_component>
      <object_component id="oc-55">
         <name>.debug_frame</name>
         <load_address>0x0</load_address>
         <run_address>0x0</run_address>
         <size>0x1aa</size>
         <input_file_ref idref="fl-5"/>
      </object_component>
      <object_component id="oc-59">
         <name>.debug_frame</name>
         <load_address>0x1aa</load_address>
         <run_address>0x1aa</run_address>
         <size>0xee</size>
         <input_file_ref idref="fl-6"/>
      </object_component>
      <object_component id="oc-5e">
         <name>.debug_frame</name>
         <load_address>0x298</load_address>
         <run_address>0x298</run_address>
         <size>0xac</size>
         <input_file_ref idref="fl-7"/>
      </object_component>
      <object_component id="oc-62">
         <name>.debug_frame</name>
         <load_address>0x344</load_address>
         <run_address>0x344</run_address>
         <size>0xbe</size>
         <input_file_ref idref="fl-8"/>
      </object_component>
      <object_component id="oc-66">
         <name>.debug_frame</name>
         <load_address>0x402</load_address>
         <run_address>0x402</run_address>
         <size>0xbe</size>
         <input_file_ref idref="fl-9"/>
      </object_component>
      <object_component id="oc-6a">
         <name>.debug_frame</name>
         <load_address>0x4c0</load_address>
         <run_address>0x4c0</run_address>
         <size>0x8e</size>
         <input_file_ref idref="fl-a"/>
      </object_component>
      <object_component id="oc-6e">
         <name>.debug_frame</name>
         <load_address>0x54e</load_address>
         <run_address>0x54e</run_address>
         <size>0x8e</size>
         <input_file_ref idref="fl-b"/>
      </object_component>
      <object_component id="oc-ad">
         <name>.debug_frame</name>
         <load_address>0x5dc</load_address>
         <run_address>0x5dc</run_address>
         <size>0x1ae</size>
         <input_file_ref idref="fl-d"/>
      </object_component>
      <object_component id="oc-b1">
         <name>.debug_frame</name>
         <load_address>0x78a</load_address>
         <run_address>0x78a</run_address>
         <size>0x106</size>
         <input_file_ref idref="fl-e"/>
      </object_component>
      <object_component id="oc-b6">
         <name>.debug_frame</name>
         <load_address>0x890</load_address>
         <run_address>0x890</run_address>
         <size>0xf06</size>
         <input_file_ref idref="fl-f"/>
      </object_component>
      <object_component id="oc-bb">
         <name>.debug_frame</name>
         <load_address>0x1796</load_address>
         <run_address>0x1796</run_address>
         <size>0xc4</size>
         <input_file_ref idref="fl-10"/>
      </object_component>
      <object_component id="oc-c3">
         <name>.debug_frame</name>
         <load_address>0x185a</load_address>
         <run_address>0x185a</run_address>
         <size>0x8e</size>
         <input_file_ref idref="fl-12"/>
      </object_component>
      <object_component id="oc-c7">
         <name>.debug_frame</name>
         <load_address>0x18e8</load_address>
         <run_address>0x18e8</run_address>
         <size>0xeb</size>
         <input_file_ref idref="fl-13"/>
      </object_component>
      <object_component id="oc-cb">
         <name>.debug_frame</name>
         <load_address>0x19d3</load_address>
         <run_address>0x19d3</run_address>
         <size>0x125</size>
         <input_file_ref idref="fl-14"/>
      </object_component>
      <object_component id="oc-d0">
         <name>.debug_frame</name>
         <load_address>0x1af8</load_address>
         <run_address>0x1af8</run_address>
         <size>0x118</size>
         <input_file_ref idref="fl-15"/>
      </object_component>
      <object_component id="oc-d4">
         <name>.debug_frame</name>
         <load_address>0x1c10</load_address>
         <run_address>0x1c10</run_address>
         <size>0x8e</size>
         <input_file_ref idref="fl-16"/>
      </object_component>
      <object_component id="oc-d9">
         <name>.debug_frame</name>
         <load_address>0x1c9e</load_address>
         <run_address>0x1c9e</run_address>
         <size>0x10d</size>
         <input_file_ref idref="fl-17"/>
      </object_component>
      <object_component id="oc-dd">
         <name>.debug_frame</name>
         <load_address>0x1dab</load_address>
         <run_address>0x1dab</run_address>
         <size>0x8e</size>
         <input_file_ref idref="fl-18"/>
      </object_component>
      <object_component id="oc-e2">
         <name>.debug_frame</name>
         <load_address>0x1e39</load_address>
         <run_address>0x1e39</run_address>
         <size>0x144</size>
         <input_file_ref idref="fl-19"/>
      </object_component>
      <object_component id="oc-ea">
         <name>.debug_frame</name>
         <load_address>0x1f7d</load_address>
         <run_address>0x1f7d</run_address>
         <size>0x17e</size>
         <input_file_ref idref="fl-1a"/>
      </object_component>
      <object_component id="oc-ef">
         <name>.debug_frame</name>
         <load_address>0x20fb</load_address>
         <run_address>0x20fb</run_address>
         <size>0x1a4</size>
         <input_file_ref idref="fl-1b"/>
      </object_component>
      <object_component id="oc-f8">
         <name>.debug_frame</name>
         <load_address>0x229f</load_address>
         <run_address>0x229f</run_address>
         <size>0xaa</size>
         <input_file_ref idref="fl-1d"/>
      </object_component>
      <object_component id="oc-fc">
         <name>.debug_frame</name>
         <load_address>0x2349</load_address>
         <run_address>0x2349</run_address>
         <size>0x8e</size>
         <input_file_ref idref="fl-1e"/>
      </object_component>
      <object_component id="oc-11a">
         <name>.debug_frame</name>
         <load_address>0x23d7</load_address>
         <run_address>0x23d7</run_address>
         <size>0xa6</size>
         <input_file_ref idref="fl-29"/>
      </object_component>
      <object_component id="oc-125">
         <name>.debug_frame</name>
         <load_address>0x247d</load_address>
         <run_address>0x247d</run_address>
         <size>0xc7</size>
         <input_file_ref idref="fl-2c"/>
      </object_component>
      <object_component id="oc-12b">
         <name>.debug_frame</name>
         <load_address>0x2544</load_address>
         <run_address>0x2544</run_address>
         <size>0xd6</size>
         <input_file_ref idref="fl-2d"/>
      </object_component>
      <object_component id="oc-133">
         <name>.debug_frame</name>
         <load_address>0x261a</load_address>
         <run_address>0x261a</run_address>
         <size>0xa6</size>
         <input_file_ref idref="fl-2f"/>
      </object_component>
   </object_component_list>
   <logical_group_list>
      <logical_group id="lg-2" display="no" color="cyan">
         <name>codestart</name>
         <load_address>0x0</load_address>
         <run_address>0x0</run_address>
         <size>0x2</size>
         <contents>
            <object_component_ref idref="oc-4f"/>
         </contents>
      </logical_group>
      <logical_group id="lg-3" display="no" color="cyan">
         <name>ramfuncs</name>
         <run_address>0x0</run_address>
         <size>0x0</size>
         <contents>
         </contents>
      </logical_group>
      <logical_group id="lg-4" display="no" color="cyan">
         <name>.text</name>
         <load_address>0x8000</load_address>
         <run_address>0x8000</run_address>
         <size>0x125e</size>
         <contents>
            <object_component_ref idref="oc-b5"/>
            <object_component_ref idref="oc-13c"/>
            <object_component_ref idref="oc-13e"/>
            <object_component_ref idref="oc-13a"/>
            <object_component_ref idref="oc-10b"/>
            <object_component_ref idref="oc-136"/>
            <object_component_ref idref="oc-142"/>
            <object_component_ref idref="oc-146"/>
            <object_component_ref idref="oc-ee"/>
            <object_component_ref idref="oc-d8"/>
            <object_component_ref idref="oc-145"/>
            <object_component_ref idref="oc-e8"/>
            <object_component_ref idref="oc-13b"/>
            <object_component_ref idref="oc-cf"/>
            <object_component_ref idref="oc-e1"/>
            <object_component_ref idref="oc-13d"/>
            <object_component_ref idref="oc-113"/>
            <object_component_ref idref="oc-11d"/>
            <object_component_ref idref="oc-12e"/>
            <object_component_ref idref="oc-140"/>
            <object_component_ref idref="oc-141"/>
            <object_component_ref idref="oc-107"/>
            <object_component_ref idref="oc-143"/>
            <object_component_ref idref="oc-144"/>
            <object_component_ref idref="oc-147"/>
            <object_component_ref idref="oc-103"/>
            <object_component_ref idref="oc-137"/>
            <object_component_ref idref="oc-138"/>
            <object_component_ref idref="oc-ff"/>
            <object_component_ref idref="oc-13f"/>
            <object_component_ref idref="oc-10f"/>
            <object_component_ref idref="oc-139"/>
            <object_component_ref idref="oc-148"/>
            <object_component_ref idref="oc-be"/>
            <object_component_ref idref="oc-50"/>
         </contents>
      </logical_group>
      <logical_group id="lg-5" display="no" color="cyan">
         <name>.cinit</name>
         <load_address>0x50</load_address>
         <run_address>0x50</run_address>
         <size>0x266</size>
         <contents>
            <object_component_ref idref="oc-f3"/>
            <object_component_ref idref="oc-129"/>
            <object_component_ref idref="oc-123"/>
            <object_component_ref idref="oc-e6"/>
         </contents>
      </logical_group>
      <logical_group id="lg-6" display="no" color="cyan">
         <name>.pinit</name>
         <run_address>0x0</run_address>
         <size>0x0</size>
         <contents>
         </contents>
      </logical_group>
      <logical_group id="lg-7" display="no" color="cyan">
         <name>.switch</name>
         <run_address>0x0</run_address>
         <size>0x0</size>
         <contents>
         </contents>
      </logical_group>
      <logical_group id="lg-8" display="no" color="cyan">
         <name>.reset</name>
         <load_address>0x3fffc0</load_address>
         <run_address>0x3fffc0</run_address>
         <size>0x2</size>
         <contents>
            <object_component_ref idref="oc-115"/>
         </contents>
      </logical_group>
      <logical_group id="lg-9" display="no" color="cyan">
         <name>.stack</name>
         <run_address>0x400</run_address>
         <size>0x200</size>
         <contents>
            <object_component_ref idref="oc-114"/>
            <object_component_ref idref="oc-19d"/>
         </contents>
      </logical_group>
      <logical_group id="lg-a" display="no" color="cyan">
         <name>.ebss</name>
         <run_address>0xc000</run_address>
         <size>0x361</size>
         <contents>
            <object_component_ref idref="oc-ba"/>
            <object_component_ref idref="oc-e7"/>
            <object_component_ref idref="oc-f4"/>
            <object_component_ref idref="oc-124"/>
            <object_component_ref idref="oc-12a"/>
         </contents>
      </logical_group>
      <logical_group id="lg-b" display="no" color="cyan">
         <name>.econst</name>
         <load_address>0xc362</load_address>
         <run_address>0xc362</run_address>
         <size>0x136</size>
         <contents>
            <object_component_ref idref="oc-5d"/>
            <object_component_ref idref="oc-e9"/>
            <object_component_ref idref="oc-f7"/>
         </contents>
      </logical_group>
      <logical_group id="lg-c" display="no" color="cyan">
         <name>.esysmem</name>
         <run_address>0x0</run_address>
         <size>0x0</size>
         <contents>
         </contents>
      </logical_group>
      <logical_group id="lg-d" display="no" color="cyan">
         <name>IQmath</name>
         <run_address>0x0</run_address>
         <size>0x0</size>
         <contents>
         </contents>
      </logical_group>
      <logical_group id="lg-e" display="no" color="cyan">
         <name>IQmathTables</name>
         <run_address>0x0</run_address>
         <size>0x0</size>
         <contents>
         </contents>
      </logical_group>
      <logical_group id="lg-f" display="no" color="cyan">
         <name>FPUmathTables</name>
         <load_address>0x3fd860</load_address>
         <run_address>0x3fd860</run_address>
         <size>0x6a0</size>
         <contents>
            <object_component_ref idref="oc-121"/>
         </contents>
      </logical_group>
      <logical_group id="lg-10" display="no" color="cyan">
         <name>DMARAML5</name>
         <run_address>0x0</run_address>
         <size>0x0</size>
         <contents>
         </contents>
      </logical_group>
      <logical_group id="lg-11" display="no" color="cyan">
         <name>DMARAML6</name>
         <run_address>0x0</run_address>
         <size>0x0</size>
         <contents>
         </contents>
      </logical_group>
      <logical_group id="lg-12" display="no" color="cyan">
         <name>DMARAML7</name>
         <run_address>0x0</run_address>
         <size>0x0</size>
         <contents>
         </contents>
      </logical_group>
      <logical_group id="lg-13" display="no" color="cyan">
         <name>DMARAML8</name>
         <run_address>0x0</run_address>
         <size>0x0</size>
         <contents>
         </contents>
      </logical_group>
      <logical_group id="lg-15" display="no" color="cyan">
         <name>PieVectTableFile</name>
         <run_address>0xd00</run_address>
         <size>0x100</size>
         <contents>
            <object_component_ref idref="oc-a8"/>
         </contents>
      </logical_group>
      <logical_group id="lg-17" display="no" color="cyan">
         <name>EmuKeyVar</name>
         <run_address>0xd00</run_address>
         <size>0x1</size>
         <contents>
            <object_component_ref idref="oc-73"/>
         </contents>
      </logical_group>
      <logical_group id="lg-18" display="no" color="cyan">
         <name>EmuBModeVar</name>
         <run_address>0xd01</run_address>
         <size>0x1</size>
         <contents>
            <object_component_ref idref="oc-74"/>
         </contents>
[...]
      </symbol>
      <symbol id="sm-3b2">
         <name>_i2c_Send_Data</name>
         <value>0xc007</value>
         <object_component_ref idref="oc-f4"/>
      </symbol>
      <symbol id="sm-3b3">
         <name>_vz_ultrasonic_T</name>
         <value>0xc04c</value>
         <object_component_ref idref="oc-f4"/>
      </symbol>
      <symbol id="sm-3b4">
         <name>_gMPU6050RawGyro</name>
         <value>0xc089</value>
         <object_component_ref idref="oc-f4"/>
      </symbol>
      <symbol id="sm-3b5">
         <name>_gMPU6050BiasGyro</name>
         <value>0xc08c</value>
         <object_component_ref idref="oc-f4"/>
      </symbol>
      <symbol id="sm-3b6">
         <name>_sBusReadDataCopied</name>
         <value>0xc012</value>
         <object_component_ref idref="oc-f4"/>
      </symbol>
      <symbol id="sm-3b7">
         <name>_cpuTime</name>
         <value>0xc00b</value>
         <object_component_ref idref="oc-f4"/>
      </symbol>
      <symbol id="sm-3b8">
         <name>_ultrasonic_height_data_m</name>
         <value>0xc200</value>
         <object_component_ref idref="oc-f4"/>
      </symbol>
      <symbol id="sm-3b9">
         <name>_throttle_real</name>
         <value>0xc052</value>
         <object_component_ref idref="oc-f4"/>
      </symbol>
      <symbol id="sm-3ba">
         <name>_pitch_Gy</name>
         <value>0xc078</value>
         <object_component_ref idref="oc-f4"/>
      </symbol>
      <symbol id="sm-3bb">
         <name>_posture_adjust</name>
         <value>0xc0d0</value>
         <object_component_ref idref="oc-f4"/>
      </symbol>
      <symbol id="sm-3bc">
         <name>_sciBReadBufferPointer</name>
         <value>0xc018</value>
         <object_component_ref idref="oc-f4"/>
      </symbol>
      <symbol id="sm-3bd">
         <name>_doUltra</name>
         <value>0xc00c</value>
         <object_component_ref idref="oc-f4"/>
      </symbol>
      <symbol id="sm-3be">
         <name>_throttle_Kd</name>
         <value>0xc038</value>
         <object_component_ref idref="oc-f4"/>
      </symbol>
      <symbol id="sm-3bf">
         <name>_gAHRSCounter</name>
         <value>0xc02e</value>
         <object_component_ref idref="oc-f4"/>
      </symbol>
      <symbol id="sm-3c0">
         <name>_throttle_Kp</name>
         <value>0xc054</value>
         <object_component_ref idref="oc-f4"/>
      </symbol>
      <symbol id="sm-3c1">
         <name>_vz</name>
         <value>0xc024</value>
         <object_component_ref idref="oc-f4"/>
      </symbol>
      <symbol id="sm-3c2">
         <name>_speed_yaw_lp</name>
         <value>0xc02c</value>
         <object_component_ref idref="oc-f4"/>
      </symbol>
      <symbol id="sm-3c3">
         <name>_doSBusDecode</name>
         <value>0xc00d</value>
         <object_component_ref idref="oc-f4"/>
      </symbol>
      <symbol id="sm-3c4">
         <name>_height_ultrasonic</name>
         <value>0xc02a</value>
         <object_component_ref idref="oc-f4"/>
      </symbol>
      <symbol id="sm-3c5">
         <name>_gMPU6050RawAccelStoredFilterValues</name>
         <value>0xc09c</value>
         <object_component_ref idref="oc-f4"/>
      </symbol>
      <symbol id="sm-3c6">
         <name>_i2cStatus</name>
         <value>0xc000</value>
         <object_component_ref idref="oc-f4"/>
      </symbol>
      <symbol id="sm-3c7">
         <name>_sciBSendBufferPointer</name>
         <value>0xc015</value>
         <object_component_ref idref="oc-f4"/>
      </symbol>
      <symbol id="sm-3c8">
         <name>_g_local</name>
         <value>0xc036</value>
         <object_component_ref idref="oc-f4"/>
      </symbol>
      <symbol id="sm-3c9">
         <name>_G_height</name>
         <value>0xc04a</value>
         <object_component_ref idref="oc-f4"/>
      </symbol>
      <symbol id="sm-3ca">
         <name>_doSCI</name>
         <value>0xc002</value>
         <object_component_ref idref="oc-f4"/>
      </symbol>
      <symbol id="sm-3cb">
         <name>_gyroZDrift</name>
         <value>0xc06a</value>
         <object_component_ref idref="oc-f4"/>
      </symbol>
      <symbol id="sm-3cc">
         <name>_gyroYDrift</name>
         <value>0xc07a</value>
         <object_component_ref idref="oc-f4"/>
      </symbol>
      <symbol id="sm-3cd">
         <name>_gyroXDrift</name>
         <value>0xc066</value>
         <object_component_ref idref="oc-f4"/>
      </symbol>
      <symbol id="sm-3ce">
         <name>_sciAReadBufferPointer</name>
         <value>0xc016</value>
         <object_component_ref idref="oc-f4"/>
      </symbol>
      <symbol id="sm-3cf">
         <name>_channelsData1000</name>
         <value>0xc1c0</value>
         <object_component_ref idref="oc-f4"/>
      </symbol>
      <symbol id="sm-3d0">
         <name>_gGyroTmp</name>
         <value>0xc0b4</value>
         <object_component_ref idref="oc-f4"/>
      </symbol>
      <symbol id="sm-3d1">
         <name>_digitalChannel2</name>
         <value>0xc014</value>
         <object_component_ref idref="oc-f4"/>
      </symbol>
      <symbol id="sm-3d2">
         <name>_digitalChannel1</name>
         <value>0xc011</value>
         <object_component_ref idref="oc-f4"/>
      </symbol>
      <symbol id="sm-3d3">
         <name>_q3</name>
         <value>0xc01e</value>
         <object_component_ref idref="oc-f4"/>
      </symbol>
      <symbol id="sm-3d4">
         <name>_q2</name>
         <value>0xc04e</value>
         <object_component_ref idref="oc-f4"/>
      </symbol>
      <symbol id="sm-3d5">
         <name>_q1</name>
         <value>0xc03c</value>
         <object_component_ref idref="oc-f4"/>
      </symbol>
      <symbol id="sm-3d6">
         <name>_q0</name>
         <value>0xc03e</value>
         <object_component_ref idref="oc-f4"/>
      </symbol>
      <symbol id="sm-3d7">
         <name>_MOTOR1_PULSE</name>
         <value>0xc03a</value>
         <object_component_ref idref="oc-f4"/>
      </symbol>
      <symbol id="sm-3d8">
         <name>_i2cRegAddr</name>
         <value>0xc128</value>
         <object_component_ref idref="oc-f4"/>
      </symbol>
      <symbol id="sm-3d9">
         <name>_wireLessLost</name>
         <value>0xc013</value>
         <object_component_ref idref="oc-f4"/>
      </symbol>
      <symbol id="sm-3da">
         <name>_channelsData4</name>
         <value>0xc0f0</value>
         <object_component_ref idref="oc-f4"/>
      </symbol>
      <symbol id="sm-3db">
         <name>_MOTOR4_PULSE</name>
         <value>0xc040</value>
         <object_component_ref idref="oc-f4"/>
      </symbol>
      <symbol id="sm-3dc">
         <name>_sciASendBufferPointer</name>
         <value>0xc019</value>
         <object_component_ref idref="oc-f4"/>
      </symbol>
      <symbol id="sm-3dd">
         <name>_throttle_mode</name>
         <value>0xc010</value>
         <object_component_ref idref="oc-f4"/>
      </symbol>
      <symbol id="sm-3de">
         <name>_gMPU6050LPFAccel</name>
         <value>0xc080</value>
         <object_component_ref idref="oc-f4"/>
      </symbol>
      <symbol id="sm-3df">
         <name>_posture_now</name>
         <value>0xc0e8</value>
         <object_component_ref idref="oc-f4"/>
      </symbol>
      <symbol id="sm-3e0">
         <name>_delay</name>
         <value>0xc056</value>
         <object_component_ref idref="oc-f4"/>
      </symbol>
      <symbol id="sm-3e1">
         <name>_gAccelTmp</name>
         <value>0xc0a8</value>
         <object_component_ref idref="oc-f4"/>
      </symbol>
      <symbol id="sm-3e2">
         <name>_speed_pitch_lp</name>
         <value>0xc020</value>
         <object_component_ref idref="oc-f4"/>
      </symbol>
      <symbol id="sm-3e3">
         <name>_wireLessLostCount</name>
         <value>0xc01a</value>
         <object_component_ref idref="oc-f4"/>
      </symbol>
      <symbol id="sm-3e4">
         <name>_ax_scale</name>
         <value>0xc026</value>
         <object_component_ref idref="oc-f4"/>
      </symbol>
      <symbol id="sm-3e5">
         <name>_posture_expected</name>
         <value>0xc0e0</value>
         <object_component_ref idref="oc-f4"/>
      </symbol>
      <symbol id="sm-3e6">
         <name>_posture_speed</name>
         <value>0xc0c8</value>
         <object_component_ref idref="oc-f4"/>
      </symbol>
      <symbol id="sm-3e7">
         <name>_vz_ultra</name>
         <value>0xc022</value>
         <object_component_ref idref="oc-f4"/>
      </symbol>
      <symbol id="sm-3e8">
         <name>_gMPU6050RawAccel</name>
         <value>0xc086</value>
         <object_component_ref idref="oc-f4"/>
      </symbol>
      <symbol id="sm-3e9">
         <name>_gMPU6050BiasAccel</name>
         <value>0xc083</value>
         <object_component_ref idref="oc-f4"/>
      </symbol>
      <symbol id="sm-3ea">
         <name>_sciAReadBuffer</name>
         <value>0xc180</value>
         <object_component_ref idref="oc-f4"/>
      </symbol>
      <symbol id="sm-3eb">
         <name>_i2cSlaves</name>
         <value>0xc110</value>
         <object_component_ref idref="oc-f4"/>
      </symbol>
      <symbol id="sm-3ec">
         <name>_AcceZK</name>
         <value>0xc064</value>
         <object_component_ref idref="oc-f4"/>
      </symbol>
      <symbol id="sm-3ed">
         <name>_eCapData</name>
         <value>0xc0ae</value>
         <object_component_ref idref="oc-f4"/>
      </symbol>
      <symbol id="sm-3ee">
         <name>_sciBReadBuffer</name>
         <value>0xc2c0</value>
         <object_component_ref idref="oc-f4"/>
      </symbol>
      <symbol id="sm-3ef">
         <name>_beta</name>
         <value>0xc050</value>
         <object_component_ref idref="oc-f4"/>
      </symbol>
      <symbol id="sm-3f0">
         <name>_AcceYK</name>
         <value>0xc06e</value>
         <object_component_ref idref="oc-f4"/>
      </symbol>
      <symbol id="sm-3f1">
         <name>_fly_enable</name>
         <value>0xc00f</value>
         <object_component_ref idref="oc-f4"/>
      </symbol>
      <symbol id="sm-3f2">
         <name>_i2c_Send_Complete</name>
         <value>0xc005</value>
         <object_component_ref idref="oc-f4"/>
      </symbol>
      <symbol id="sm-3f3">
         <name>_sciBReadAByte</name>
         <value>0xc017</value>
         <object_component_ref idref="oc-f4"/>
      </symbol>
      <symbol id="sm-3f4">
         <name>_AcceXK</name>
         <value>0xc068</value>
         <object_component_ref idref="oc-f4"/>
      </symbol>
      <symbol id="sm-3f5">
         <name>_i2cDataPointer</name>
         <value>0xc004</value>
         <object_component_ref idref="oc-f4"/>
      </symbol>
      <symbol id="sm-3f6">
         <name>_dy</name>
         <value>0xc074</value>
         <object_component_ref idref="oc-f4"/>
      </symbol>
      <symbol id="sm-3f7">
         <name>_posture_before</name>
         <value>0xc0d8</value>
         <object_component_ref idref="oc-f4"/>
      </symbol>
      <symbol id="sm-3f8">
         <name>_dr</name>
         <value>0xc076</value>
         <object_component_ref idref="oc-f4"/>
      </symbol>
      <symbol id="sm-3f9">
         <name>_dp</name>
         <value>0xc070</value>
         <object_component_ref idref="oc-f4"/>
      </symbol>
      <symbol id="sm-3fa">
         <name>_channelsData2048</name>
         <value>0xc100</value>
         <object_component_ref idref="oc-f4"/>
      </symbol>
      <symbol id="sm-3fb">
         <name>_ay_scale</name>
         <value>0xc01c</value>
         <object_component_ref idref="oc-f4"/>
      </symbol>
      <symbol id="sm-3fc">
         <name>_doCalulate</name>
         <value>0xc003</value>
         <object_component_ref idref="oc-f4"/>
      </symbol>
      <symbol id="sm-3fd">
         <name>_posture_error</name>
         <value>0xc0c0</value>
         <object_component_ref idref="oc-f4"/>
      </symbol>
      <symbol id="sm-3fe">
         <name>_az</name>
         <value>0xc028</value>
         <object_component_ref idref="oc-f4"/>
      </symbol>
      <symbol id="sm-3ff">
         <name>_G_pos_p</name>
         <value>0xc058</value>
         <object_component_ref idref="oc-f4"/>
      </symbol>
      <symbol id="sm-400">
         <name>_G_pos_r</name>
         <value>0xc062</value>
         <object_component_ref idref="oc-f4"/>
      </symbol>
      <symbol id="sm-401">
         <name>_roll_Av</name>
         <value>0xc05e</value>
         <object_component_ref idref="oc-f4"/>
      </symbol>
      <symbol id="sm-402">
         <name>_acceZDrift</name>
         <value>0xc008</value>
         <object_component_ref idref="oc-f4"/>
      </symbol>
      <symbol id="sm-403">
         <name>_acceYDrift</name>
         <value>0xc009</value>
         <object_component_ref idref="oc-f4"/>
      </symbol>
      <symbol id="sm-404">
         <name>_acceXDrift</name>
         <value>0xc00e</value>
         <object_component_ref idref="oc-f4"/>
      </symbol>
      <symbol id="sm-405">
         <name>_MOTOR3_PULSE</name>
         <value>0xc042</value>
         <object_component_ref idref="oc-f4"/>
      </symbol>
      <symbol id="sm-406">
         <name>_ultrasonic_height_data_pointer</name>
         <value>0xc00a</value>
         <object_component_ref idref="oc-f4"/>
      </symbol>
      <symbol id="sm-407">
         <name>_height_ref</name>
         <value>0xc046</value>
         <object_component_ref idref="oc-f4"/>
      </symbol>
      <symbol id="sm-408">
         <name>_i2cData</name>
         <value>0xc158</value>
         <object_component_ref idref="oc-f4"/>
      </symbol>
      <symbol id="sm-409">
         <name>_roll_Gx</name>
         <value>0xc07c</value>
         <object_component_ref idref="oc-f4"/>
      </symbol>
      <symbol id="sm-40a">
         <name>_sciASendBuffer</name>
         <value>0xc1a0</value>
         <object_component_ref idref="oc-f4"/>
      </symbol>
      <symbol id="sm-40b">
         <name>_i2c_Slave_Addr</name>
         <value>0xc006</value>
         <object_component_ref idref="oc-f4"/>
      </symbol>
      <symbol id="sm-41f">
         <name>_main</name>
         <value>0x8ec1</value>
         <object_component_ref idref="oc-13b"/>
      </symbol>
      <symbol id="sm-42e">
         <name>FS$$DIV</name>
         <value>0x9205</value>
         <object_component_ref idref="oc-ff"/>
      </symbol>
      <symbol id="sm-438">
         <name>I$$MOD</name>
         <value>0x91c2</value>
         <object_component_ref idref="oc-103"/>
      </symbol>
      <symbol id="sm-439">
         <name>I$$DIV</name>
         <value>0x91b1</value>
         <object_component_ref idref="oc-103"/>
      </symbol>
      <symbol id="sm-441">
         <name>UL$$MOD</name>
         <value>0x913a</value>
         <object_component_ref idref="oc-107"/>
      </symbol>
      <symbol id="sm-442">
         <name>L$$MOD</name>
         <value>0x9125</value>
         <object_component_ref idref="oc-107"/>
      </symbol>
      <symbol id="sm-443">
         <name>L$$DIV</name>
         <value>0x9116</value>
         <object_component_ref idref="oc-107"/>
      </symbol>
      <symbol id="sm-444">
         <name>UL$$DIV</name>
         <value>0x9133</value>
         <object_component_ref idref="oc-107"/>
      </symbol>
      <symbol id="sm-46b">
         <name>ULL$$MOD</name>
         <value>0x898f</value>
         <object_component_ref idref="oc-10b"/>
      </symbol>
      <symbol id="sm-46c">
         <name>ULL$$DIV</name>
         <value>0x8960</value>
         <object_component_ref idref="oc-10b"/>
      </symbol>
      <symbol id="sm-46d">
         <name>LL$$MOD</name>
         <value>0x8926</value>
         <object_component_ref idref="oc-10b"/>
      </symbol>
      <symbol id="sm-46e">
         <name>LL$$DIV</name>
         <value>0x88ea</value>
         <object_component_ref idref="oc-10b"/>
      </symbol>
      <symbol id="sm-476">
         <name>U$$MOD</name>
         <value>0x923a</value>
         <object_component_ref idref="oc-10f"/>
      </symbol>
      <symbol id="sm-477">
         <name>U$$DIV</name>
         <value>0x9235</value>
         <object_component_ref idref="oc-10f"/>
      </symbol>
      <symbol id="sm-48b">
         <name>_c_int00</name>
         <value>0x900a</value>
         <object_component_ref idref="oc-113"/>
      </symbol>
      <symbol id="sm-48c">
         <name>__stack</name>
         <value>0x400</value>
         <object_component_ref idref="oc-114"/>
      </symbol>
      <symbol id="sm-498">
         <name>__args_main</name>
         <value>0x91d3</value>
         <object_component_ref idref="oc-137"/>
      </symbol>
      <symbol id="sm-499">
         <name>__TI_args_main</name>
         <value>0x1</value>
      </symbol>
      <symbol id="sm-4a1">
         <name>_cos</name>
         <value>0x9050</value>
         <object_component_ref idref="oc-11d"/>
      </symbol>
      <symbol id="sm-4a9">
         <name>_FPUcosTableEnd</name>
         <value>0x3fdd62</value>
         <object_component_ref idref="oc-121"/>
      </symbol>
      <symbol id="sm-4aa">
         <name>_FPUatan2TableEnd</name>
         <value>0x3fdeec</value>
         <object_component_ref idref="oc-121"/>
      </symbol>
      <symbol id="sm-4ab">
         <name>_FPUatan2Table</name>
         <value>0x3fdd66</value>
         <object_component_ref idref="oc-121"/>
      </symbol>
      <symbol id="sm-4ac">
         <name>_FPUsinTable</name>
         <value>0x3fd860</value>
         <object_component_ref idref="oc-121"/>
      </symbol>
      <symbol id="sm-4ad">
         <name>_FPUcosTable</name>
         <value>0x3fd960</value>
         <object_component_ref idref="oc-121"/>
      </symbol>
      <symbol id="sm-4ae">
         <name>_FPUatan2HalfPITable</name>
         <value>0x3fdd62</value>
         <object_component_ref idref="oc-121"/>
      </symbol>
      <symbol id="sm-4af">
         <name>_FPUsinTableEnd</name>
         <value>0x3fdc60</value>
         <object_component_ref idref="oc-121"/>
      </symbol>
      <symbol id="sm-4c0">
         <name>C$$EXIT</name>
         <value>0x91ec</value>
         <object_component_ref idref="oc-138"/>
      </symbol>
      <symbol id="sm-4c1">
         <name>_exit</name>
         <value>0x91ee</value>
         <object_component_ref idref="oc-138"/>
      </symbol>
      <symbol id="sm-4c2">
         <name>___TI_cleanup_ptr</name>
         <value>0xc35c</value>
         <object_component_ref idref="oc-124"/>
      </symbol>
      <symbol id="sm-4c3">
         <name>_abort</name>
         <value>0x91ec</value>
         <object_component_ref idref="oc-138"/>
      </symbol>
      <symbol id="sm-4c4">
         <name>___TI_dtors_ptr</name>
         <value>0xc35e</value>
         <object_component_ref idref="oc-124"/>
      </symbol>
      <symbol id="sm-4d2">
         <name>__unlock</name>
         <value>0xc358</value>
         <object_component_ref idref="oc-12a"/>
      </symbol>
      <symbol id="sm-4d3">
         <name>__lock</name>
         <value>0xc35a</value>
         <object_component_ref idref="oc-12a"/>
      </symbol>
      <symbol id="sm-4d4">
         <name>__register_lock</name>
         <value>0x9244</value>
         <object_component_ref idref="oc-139"/>
      </symbol>
      <symbol id="sm-4d5">
         <name>__nop</name>
         <value>0x9248</value>
         <object_component_ref idref="oc-139"/>
      </symbol>
      <symbol id="sm-4d6">
         <name>__register_unlock</name>
         <value>0x9240</value>
         <object_component_ref idref="oc-139"/>
      </symbol>
      <symbol id="sm-4de">
         <name>_sin</name>
         <value>0x9084</value>
         <object_component_ref idref="oc-12e"/>
      </symbol>
      <symbol id="sm-4eb">
         <name>_strcat</name>
         <value>0x9249</value>
         <object_component_ref idref="oc-148"/>
      </symbol>
   </symbol_table>
   <title>Link successful</title>
</link_info>
